2025-12-14 17:49:57,545 - INFO - C:\Users\Andrew\Desktop\ТМП\Лаб5\pacman.py:188 - kokoro activated
2025-12-14 17:50:17,969 - INFO - C:\Users\Andrew\Desktop\ТМП\Лаб5\pacman.py:218 - pacman killed
2025-12-14 17:50:20,593 - INFO - C:\Users\Andrew\Desktop\ТМП\Лаб5\pacman.py:616 - ЗАВЕРШЕНИЕ РАБОТЫ
2025-12-14 17:56:36,789 - INFO - C:\Users\Andrew\Desktop\ТМП\Лаб5\pacman.py:222 - pacman killed
2025-12-14 17:56:41,868 - INFO - C:\Users\Andrew\Desktop\ТМП\Лаб5\pacman.py:222 - pacman killed
2025-12-14 17:56:42,675 - INFO - C:\Users\Andrew\Desktop\ТМП\Лаб5\pacman.py:222 - pacman killed
2025-12-14 17:56:42,677 - INFO - C:\Users\Andrew\Desktop\ТМП\Лаб5\pacman.py:144 - player lost
2025-12-14 17:56:42,686 - INFO - C:\Users\Andrew\Desktop\ТМП\Лаб5\pacman.py:144 - player lost
2025-12-14 17:56:42,695 - INFO - C:\Users\Andrew\Desktop\ТМП\Лаб5\pacman.py:144 - player lost
2025-12-14 17:56:42,704 - INFO - C:\Users\Andrew\Desktop\ТМП\Лаб5\pacman.py:144 - player lost
2025-12-14 17:56:42,713 - INFO - C:\Users\Andrew\Desktop\ТМП\Лаб5\pacman.py:144 - player lost
2025-12-14 17:56:42,721 - INFO - C:\Users\Andrew\Desktop\ТМП\Лаб5\pacman.py:144 - player lost
2025-12-14 17:56:42,729 - INFO - C:\Users\Andrew\Desktop\ТМП\Лаб5\pacman.py:144 - player lost
2025-12-14 17:56:42,737 - INFO - C:\Users\Andrew\Desktop\ТМП\Лаб5\pacman.py:144 - player lost
2025-12-14 17:56:42,746 - INFO - C:\Users\Andrew\Desktop\ТМП\Лаб5\pacman.py:144 - player lost
2025-12-14 17:56:42,755 - INFO - C:\Users\Andrew\Desktop\ТМП\Лаб5\pacman.py:144 - player lost
2025-12-14 17:56:42,763 - INFO - C:\Users\Andrew\Desktop\ТМП\Лаб5\pacman.py:144 - player lost
2025-12-14 17:56:42,771 - INFO - C:\Users\Andrew\Desktop\ТМП\Лаб5\pacman.py:144 - player lost
2025-12-14 17:56:42,779 - INFO - C:\Users\Andrew\Desktop\ТМП\Лаб5\pacman.py:144 - player lost
2025-12-14 17:56:42,788 - INFO - C:\Users\Andrew\Desktop\ТМП\Лаб5\pacman.py:144 - player lost
2025-12-14 17:56:42,796 - INFO - C:\Users\Andrew\Desktop\ТМП\Лаб5\pacman.py:144 - player lost
2025-12-14 17:56:42,805 - INFO - C:\Users\Andrew\Desktop\ТМП\Лаб5\pacman.py:144 - player lost
2025-12-14 17:56:42,814 - INFO - C:\Users\Andrew\Desktop\ТМП\Лаб5\pacman.py:144 - player lost
2025-12-14 17:56:42,822 - INFO - C:\Users\Andrew\Desktop\ТМП\Лаб5\pacman.py:144 - player lost
2025-12-14 17:56:42,831 - INFO - C:\Users\Andrew\Desktop\ТМП\Лаб5\pacman.py:144 - player lost
2025-12-14 17:56:42,841 - INFO - C:\Users\Andrew\Desktop\ТМП\Лаб5\pacman.py:144 - player lost
2025-12-14 17:56:42,849 - INFO - C:\Users\Andrew\Desktop\ТМП\Лаб5\pacman.py:144 - player lost
2025-12-14 17:56:42,857 - INFO - C:\Users\Andrew\Desktop\ТМП\Лаб5\pacman.py:144 - player lost
2025-12-14 17:56:42,865 - INFO - C:\Users\Andrew\Desktop\ТМП\Лаб5\pacman.py:144 - player lost
2025-12-14 17:56:42,872 - INFO - C:\Users\Andrew\Desktop\ТМП\Лаб5\pacman.py:144 - player lost
2025-12-14 17:56:42,881 - INFO - C:\Users\Andrew\Desktop\ТМП\Лаб5\pacman.py:144 - player lost
2025-12-14 17:56:42,889 - INFO - C:\Users\Andrew\Desktop\ТМП\Лаб5\pacman.py:144 - player lost
2025-12-14 17:56:42,898 - INFO - C:\Users\Andrew\Desktop\ТМП\Лаб5\pacman.py:144 - player lost
2025-12-14 17:56:42,906 - INFO - C:\Users\Andrew\Desktop\ТМП\Лаб5\pacman.py:144 - player lost
2025-12-14 17:56:42,914 - INFO - C:\Users\Andrew\Desktop\ТМП\Лаб5\pacman.py:144 - player lost
2025-12-14 17:56:42,922 - INFO - C:\Users\Andrew\Desktop\ТМП\Лаб5\pacman.py:144 - player lost
2025-12-14 17:56:42,930 - INFO - C:\Users\Andrew\Desktop\ТМП\Лаб5\pacman.py:144 - player lost
2025-12-14 17:56:42,938 - INFO - C:\Users\Andrew\Desktop\ТМП\Лаб5\pacman.py:144 - player lost
2025-12-14 17:56:42,946 - INFO - C:\Users\Andrew\Desktop\ТМП\Лаб5\pacman.py:144 - player lost
2025-12-14 17:56:42,954 - INFO - C:\Users\Andrew\Desktop\ТМП\Лаб5\pacman.py:144 - player lost
2025-12-14 17:56:42,962 - INFO - C:\Users\Andrew\Desktop\ТМП\Лаб5\pacman.py:144 - player lost
2025-12-14 17:56:42,971 - INFO - C:\Users\Andrew\Desktop\ТМП\Лаб5\pacman.py:144 - player lost
2025-12-14 17:56:42,978 - INFO - C:\Users\Andrew\Desktop\ТМП\Лаб5\pacman.py:144 - player lost
2025-12-14 17:56:42,986 - INFO - C:\Users\Andrew\Desktop\ТМП\Лаб5\pacman.py:144 - player lost
2025-12-14 17:56:42,994 - INFO - C:\Users\Andrew\Desktop\ТМП\Лаб5\pacman.py:144 - player lost
2025-12-14 17:56:43,002 - INFO - C:\Users\Andrew\Desktop\ТМП\Лаб5\pacman.py:144 - player lost
2025-12-14 17:56:43,010 - INFO - C:\Users\Andrew\Desktop\ТМП\Лаб5\pacman.py:144 - player lost
2025-12-14 17:56:43,019 - INFO - C:\Users\Andrew\Desktop\ТМП\Лаб5\pacman.py:144 - player lost
2025-12-14 17:56:43,027 - INFO - C:\Users\Andrew\Desktop\ТМП\Лаб5\pacman.py:144 - player lost
2025-12-14 17:56:43,035 - INFO - C:\Users\Andrew\Desktop\ТМП\Лаб5\pacman.py:144 - player lost
2025-12-14 17:56:43,044 - INFO - C:\Users\Andrew\Desktop\ТМП\Лаб5\pacman.py:144 - player lost
2025-12-14 17:56:43,053 - INFO - C:\Users\Andrew\Desktop\ТМП\Лаб5\pacman.py:144 - player lost
2025-12-14 17:56:43,062 - INFO - C:\Users\Andrew\Desktop\ТМП\Лаб5\pacman.py:144 - player lost
2025-12-14 17:56:43,070 - INFO - C:\Users\Andrew\Desktop\ТМП\Лаб5\pacman.py:144 - player lost
2025-12-14 17:56:43,079 - INFO - C:\Users\Andrew\Desktop\ТМП\Лаб5\pacman.py:144 - player lost
2025-12-14 17:56:43,088 - INFO - C:\Users\Andrew\Desktop\ТМП\Лаб5\pacman.py:144 - player lost
2025-12-14 17:56:43,096 - INFO - C:\Users\Andrew\Desktop\ТМП\Лаб5\pacman.py:144 - player lost
2025-12-14 17:56:43,105 - INFO - C:\Users\Andrew\Desktop\ТМП\Лаб5\pacman.py:144 - player lost
2025-12-14 17:56:43,113 - INFO - C:\Users\Andrew\Desktop\ТМП\Лаб5\pacman.py:144 - player lost
2025-12-14 17:56:43,121 - INFO - C:\Users\Andrew\Desktop\ТМП\Лаб5\pacman.py:144 - player lost
2025-12-14 17:56:43,130 - INFO - C:\Users\Andrew\Desktop\ТМП\Лаб5\pacman.py:144 - player lost
2025-12-14 17:56:43,138 - INFO - C:\Users\Andrew\Desktop\ТМП\Лаб5\pacman.py:144 - player lost
2025-12-14 17:56:43,146 - INFO - C:\Users\Andrew\Desktop\ТМП\Лаб5\pacman.py:144 - player lost
2025-12-14 17:56:43,155 - INFO - C:\Users\Andrew\Desktop\ТМП\Лаб5\pacman.py:144 - player lost
2025-12-14 17:56:43,163 - INFO - C:\Users\Andrew\Desktop\ТМП\Лаб5\pacman.py:144 - player lost
2025-12-14 17:56:43,171 - INFO - C:\Users\Andrew\Desktop\ТМП\Лаб5\pacman.py:144 - player lost
2025-12-14 17:56:43,180 - INFO - C:\Users\Andrew\Desktop\ТМП\Лаб5\pacman.py:144 - player lost
2025-12-14 17:56:43,188 - INFO - C:\Users\Andrew\Desktop\ТМП\Лаб5\pacman.py:144 - player lost
2025-12-14 17:56:43,196 - INFO - C:\Users\Andrew\Desktop\ТМП\Лаб5\pacman.py:144 - player lost
2025-12-14 17:56:43,204 - INFO - C:\Users\Andrew\Desktop\ТМП\Лаб5\pacman.py:144 - player lost
2025-12-14 17:56:43,212 - INFO - C:\Users\Andrew\Desktop\ТМП\Лаб5\pacman.py:144 - player lost
2025-12-14 17:56:43,222 - INFO - C:\Users\Andrew\Desktop\ТМП\Лаб5\pacman.py:144 - player lost
2025-12-14 17:56:43,230 - INFO - C:\Users\Andrew\Desktop\ТМП\Лаб5\pacman.py:144 - player lost
2025-12-14 17:56:43,237 - INFO - C:\Users\Andrew\Desktop\ТМП\Лаб5\pacman.py:144 - player lost
2025-12-14 17:56:43,247 - INFO - C:\Users\Andrew\Desktop\ТМП\Лаб5\pacman.py:144 - player lost
2025-12-14 17:56:43,256 - INFO - C:\Users\Andrew\Desktop\ТМП\Лаб5\pacman.py:144 - player lost
2025-12-14 17:56:43,265 - INFO - C:\Users\Andrew\Desktop\ТМП\Лаб5\pacman.py:144 - player lost
2025-12-14 17:56:43,273 - INFO - C:\Users\Andrew\Desktop\ТМП\Лаб5\pacman.py:144 - player lost
2025-12-14 17:56:43,281 - INFO - C:\Users\Andrew\Desktop\ТМП\Лаб5\pacman.py:144 - player lost
2025-12-14 17:56:43,290 - INFO - C:\Users\Andrew\Desktop\ТМП\Лаб5\pacman.py:144 - player lost
2025-12-14 17:56:43,299 - INFO - C:\Users\Andrew\Desktop\ТМП\Лаб5\pacman.py:144 - player lost
2025-12-14 17:56:43,308 - INFO - C:\Users\Andrew\Desktop\ТМП\Лаб5\pacman.py:144 - player lost
2025-12-14 17:56:43,317 - INFO - C:\Users\Andrew\Desktop\ТМП\Лаб5\pacman.py:144 - player lost
2025-12-14 17:56:43,326 - INFO - C:\Users\Andrew\Desktop\ТМП\Лаб5\pacman.py:144 - player lost
2025-12-14 17:56:43,334 - INFO - C:\Users\Andrew\Desktop\ТМП\Лаб5\pacman.py:144 - player lost
2025-12-14 17:56:43,343 - INFO - C:\Users\Andrew\Desktop\ТМП\Лаб5\pacman.py:144 - player lost
2025-12-14 17:56:43,351 - INFO - C:\Users\Andrew\Desktop\ТМП\Лаб5\pacman.py:144 - player lost
2025-12-14 17:56:43,360 - INFO - C:\Users\Andrew\Desktop\ТМП\Лаб5\pacman.py:144 - player lost
2025-12-14 17:56:43,369 - INFO - C:\Users\Andrew\Desktop\ТМП\Лаб5\pacman.py:144 - player lost
2025-12-14 17:56:43,378 - INFO - C:\Users\Andrew\Desktop\ТМП\Лаб5\pacman.py:144 - player lost
2025-12-14 17:56:43,387 - INFO - C:\Users\Andrew\Desktop\ТМП\Лаб5\pacman.py:144 - player lost
2025-12-14 17:56:43,397 - INFO - C:\Users\Andrew\Desktop\ТМП\Лаб5\pacman.py:144 - player lost
2025-12-14 17:56:43,406 - INFO - C:\Users\Andrew\Desktop\ТМП\Лаб5\pacman.py:144 - player lost
2025-12-14 17:56:43,415 - INFO - C:\Users\Andrew\Desktop\ТМП\Лаб5\pacman.py:144 - player lost
2025-12-14 17:56:43,423 - INFO - C:\Users\Andrew\Desktop\ТМП\Лаб5\pacman.py:144 - player lost
2025-12-14 17:56:43,431 - INFO - C:\Users\Andrew\Desktop\ТМП\Лаб5\pacman.py:144 - player lost
2025-12-14 17:56:43,440 - INFO - C:\Users\Andrew\Desktop\ТМП\Лаб5\pacman.py:144 - player lost
2025-12-14 17:56:43,448 - INFO - C:\Users\Andrew\Desktop\ТМП\Лаб5\pacman.py:144 - player lost
2025-12-14 17:56:43,455 - INFO - C:\Users\Andrew\Desktop\ТМП\Лаб5\pacman.py:144 - player lost
2025-12-14 17:56:43,463 - INFO - C:\Users\Andrew\Desktop\ТМП\Лаб5\pacman.py:144 - player lost
2025-12-14 17:56:43,473 - INFO - C:\Users\Andrew\Desktop\ТМП\Лаб5\pacman.py:144 - player lost
2025-12-14 17:56:43,481 - INFO - C:\Users\Andrew\Desktop\ТМП\Лаб5\pacman.py:144 - player lost
2025-12-14 17:56:43,489 - INFO - C:\Users\Andrew\Desktop\ТМП\Лаб5\pacman.py:144 - player lost
2025-12-14 17:56:43,498 - INFO - C:\Users\Andrew\Desktop\ТМП\Лаб5\pacman.py:144 - player lost
2025-12-14 17:56:43,507 - INFO - C:\Users\Andrew\Desktop\ТМП\Лаб5\pacman.py:144 - player lost
2025-12-14 17:56:43,516 - INFO - C:\Users\Andrew\Desktop\ТМП\Лаб5\pacman.py:144 - player lost
2025-12-14 17:56:43,526 - INFO - C:\Users\Andrew\Desktop\ТМП\Лаб5\pacman.py:144 - player lost
2025-12-14 17:56:43,535 - INFO - C:\Users\Andrew\Desktop\ТМП\Лаб5\pacman.py:144 - player lost
2025-12-14 17:56:43,544 - INFO - C:\Users\Andrew\Desktop\ТМП\Лаб5\pacman.py:144 - player lost
2025-12-14 17:56:43,553 - INFO - C:\Users\Andrew\Desktop\ТМП\Лаб5\pacman.py:144 - player lost
2025-12-14 17:56:43,561 - INFO - C:\Users\Andrew\Desktop\ТМП\Лаб5\pacman.py:144 - player lost
2025-12-14 17:56:43,570 - INFO - C:\Users\Andrew\Desktop\ТМП\Лаб5\pacman.py:144 - player lost
2025-12-14 17:56:43,579 - INFO - C:\Users\Andrew\Desktop\ТМП\Лаб5\pacman.py:144 - player lost
2025-12-14 17:56:43,588 - INFO - C:\Users\Andrew\Desktop\ТМП\Лаб5\pacman.py:144 - player lost
2025-12-14 17:56:43,596 - INFO - C:\Users\Andrew\Desktop\ТМП\Лаб5\pacman.py:144 - player lost
2025-12-14 17:56:43,605 - INFO - C:\Users\Andrew\Desktop\ТМП\Лаб5\pacman.py:144 - player lost
2025-12-14 17:56:43,613 - INFO - C:\Users\Andrew\Desktop\ТМП\Лаб5\pacman.py:144 - player lost
2025-12-14 17:56:43,621 - INFO - C:\Users\Andrew\Desktop\ТМП\Лаб5\pacman.py:144 - player lost
2025-12-14 17:56:43,629 - INFO - C:\Users\Andrew\Desktop\ТМП\Лаб5\pacman.py:144 - player lost
2025-12-14 17:56:43,637 - INFO - C:\Users\Andrew\Desktop\ТМП\Лаб5\pacman.py:144 - player lost
2025-12-14 17:56:43,645 - INFO - C:\Users\Andrew\Desktop\ТМП\Лаб5\pacman.py:144 - player lost
2025-12-14 17:56:43,652 - INFO - C:\Users\Andrew\Desktop\ТМП\Лаб5\pacman.py:144 - player lost
2025-12-14 17:56:43,661 - INFO - C:\Users\Andrew\Desktop\ТМП\Лаб5\pacman.py:144 - player lost
2025-12-14 17:56:43,671 - INFO - C:\Users\Andrew\Desktop\ТМП\Лаб5\pacman.py:144 - player lost
2025-12-14 17:56:43,679 - INFO - C:\Users\Andrew\Desktop\ТМП\Лаб5\pacman.py:144 - player lost
2025-12-14 17:56:43,688 - INFO - C:\Users\Andrew\Desktop\ТМП\Лаб5\pacman.py:144 - player lost
2025-12-14 17:56:43,697 - INFO - C:\Users\Andrew\Desktop\ТМП\Лаб5\pacman.py:144 - player lost
2025-12-14 17:56:43,705 - INFO - C:\Users\Andrew\Desktop\ТМП\Лаб5\pacman.py:144 - player lost
2025-12-14 17:56:43,713 - INFO - C:\Users\Andrew\Desktop\ТМП\Лаб5\pacman.py:144 - player lost
2025-12-14 17:56:43,721 - INFO - C:\Users\Andrew\Desktop\ТМП\Лаб5\pacman.py:144 - player lost
2025-12-14 17:56:43,729 - INFO - C:\Users\Andrew\Desktop\ТМП\Лаб5\pacman.py:144 - player lost
2025-12-14 17:56:43,738 - INFO - C:\Users\Andrew\Desktop\ТМП\Лаб5\pacman.py:144 - player lost
2025-12-14 17:56:43,747 - INFO - C:\Users\Andrew\Desktop\ТМП\Лаб5\pacman.py:144 - player lost
2025-12-14 17:56:43,756 - INFO - C:\Users\Andrew\Desktop\ТМП\Лаб5\pacman.py:144 - player lost
2025-12-14 17:56:43,765 - INFO - C:\Users\Andrew\Desktop\ТМП\Лаб5\pacman.py:144 - player lost
2025-12-14 17:56:43,774 - INFO - C:\Users\Andrew\Desktop\ТМП\Лаб5\pacman.py:144 - player lost
2025-12-14 17:56:43,783 - INFO - C:\Users\Andrew\Desktop\ТМП\Лаб5\pacman.py:144 - player lost
2025-12-14 17:56:43,792 - INFO - C:\Users\Andrew\Desktop\ТМП\Лаб5\pacman.py:144 - player lost
2025-12-14 17:56:43,801 - INFO - C:\Users\Andrew\Desktop\ТМП\Лаб5\pacman.py:144 - player lost
2025-12-14 17:56:43,809 - INFO - C:\Users\Andrew\Desktop\ТМП\Лаб5\pacman.py:144 - player lost
2025-12-14 17:56:43,818 - INFO - C:\Users\Andrew\Desktop\ТМП\Лаб5\pacman.py:144 - player lost
2025-12-14 17:56:43,827 - INFO - C:\Users\Andrew\Desktop\ТМП\Лаб5\pacman.py:144 - player lost
2025-12-14 17:56:43,835 - INFO - C:\Users\Andrew\Desktop\ТМП\Лаб5\pacman.py:144 - player lost
2025-12-14 17:56:43,843 - INFO - C:\Users\Andrew\Desktop\ТМП\Лаб5\pacman.py:144 - player lost
2025-12-14 17:56:43,851 - INFO - C:\Users\Andrew\Desktop\ТМП\Лаб5\pacman.py:144 - player lost
2025-12-14 17:56:43,859 - INFO - C:\Users\Andrew\Desktop\ТМП\Лаб5\pacman.py:144 - player lost
2025-12-14 17:56:43,868 - INFO - C:\Users\Andrew\Desktop\ТМП\Лаб5\pacman.py:144 - player lost
2025-12-14 17:56:43,876 - INFO - C:\Users\Andrew\Desktop\ТМП\Лаб5\pacman.py:144 - player lost
2025-12-14 17:56:43,884 - INFO - C:\Users\Andrew\Desktop\ТМП\Лаб5\pacman.py:144 - player lost
2025-12-14 17:56:43,893 - INFO - C:\Users\Andrew\Desktop\ТМП\Лаб5\pacman.py:144 - player lost
2025-12-14 17:56:43,901 - INFO - C:\Users\Andrew\Desktop\ТМП\Лаб5\pacman.py:144 - player lost
2025-12-14 17:56:43,908 - INFO - C:\Users\Andrew\Desktop\ТМП\Лаб5\pacman.py:144 - player lost
2025-12-14 17:56:43,916 - INFO - C:\Users\Andrew\Desktop\ТМП\Лаб5\pacman.py:144 - player lost
2025-12-14 17:56:43,925 - INFO - C:\Users\Andrew\Desktop\ТМП\Лаб5\pacman.py:144 - player lost
2025-12-14 17:56:43,934 - INFO - C:\Users\Andrew\Desktop\ТМП\Лаб5\pacman.py:144 - player lost
2025-12-14 17:56:43,942 - INFO - C:\Users\Andrew\Desktop\ТМП\Лаб5\pacman.py:144 - player lost
2025-12-14 17:56:43,951 - INFO - C:\Users\Andrew\Desktop\ТМП\Лаб5\pacman.py:144 - player lost
2025-12-14 17:56:43,959 - INFO - C:\Users\Andrew\Desktop\ТМП\Лаб5\pacman.py:144 - player lost
2025-12-14 17:56:43,967 - INFO - C:\Users\Andrew\Desktop\ТМП\Лаб5\pacman.py:144 - player lost
2025-12-14 17:56:43,975 - INFO - C:\Users\Andrew\Desktop\ТМП\Лаб5\pacman.py:144 - player lost
2025-12-14 17:56:43,983 - INFO - C:\Users\Andrew\Desktop\ТМП\Лаб5\pacman.py:144 - player lost
2025-12-14 17:56:43,991 - INFO - C:\Users\Andrew\Desktop\ТМП\Лаб5\pacman.py:144 - player lost
2025-12-14 17:56:43,999 - INFO - C:\Users\Andrew\Desktop\ТМП\Лаб5\pacman.py:144 - player lost
2025-12-14 17:56:44,007 - INFO - C:\Users\Andrew\Desktop\ТМП\Лаб5\pacman.py:144 - player lost
2025-12-14 17:56:44,015 - INFO - C:\Users\Andrew\Desktop\ТМП\Лаб5\pacman.py:144 - player lost
2025-12-14 17:56:44,023 - INFO - C:\Users\Andrew\Desktop\ТМП\Лаб5\pacman.py:144 - player lost
2025-12-14 17:56:44,031 - INFO - C:\Users\Andrew\Desktop\ТМП\Лаб5\pacman.py:144 - player lost
2025-12-14 17:56:44,039 - INFO - C:\Users\Andrew\Desktop\ТМП\Лаб5\pacman.py:144 - player lost
2025-12-14 17:56:44,048 - INFO - C:\Users\Andrew\Desktop\ТМП\Лаб5\pacman.py:144 - player lost
2025-12-14 17:56:44,057 - INFO - C:\Users\Andrew\Desktop\ТМП\Лаб5\pacman.py:144 - player lost
2025-12-14 17:56:44,066 - INFO - C:\Users\Andrew\Desktop\ТМП\Лаб5\pacman.py:144 - player lost
2025-12-14 17:56:44,074 - INFO - C:\Users\Andrew\Desktop\ТМП\Лаб5\pacman.py:144 - player lost
2025-12-14 17:56:44,082 - INFO - C:\Users\Andrew\Desktop\ТМП\Лаб5\pacman.py:144 - player lost
2025-12-14 17:56:44,091 - INFO - C:\Users\Andrew\Desktop\ТМП\Лаб5\pacman.py:144 - player lost
2025-12-14 17:56:44,099 - INFO - C:\Users\Andrew\Desktop\ТМП\Лаб5\pacman.py:144 - player lost
2025-12-14 17:56:44,107 - INFO - C:\Users\Andrew\Desktop\ТМП\Лаб5\pacman.py:144 - player lost
2025-12-14 17:56:44,116 - INFO - C:\Users\Andrew\Desktop\ТМП\Лаб5\pacman.py:144 - player lost
2025-12-14 17:56:44,125 - INFO - C:\Users\Andrew\Desktop\ТМП\Лаб5\pacman.py:144 - player lost
2025-12-14 17:56:44,133 - INFO - C:\Users\Andrew\Desktop\ТМП\Лаб5\pacman.py:144 - player lost
2025-12-14 17:56:44,141 - INFO - C:\Users\Andrew\Desktop\ТМП\Лаб5\pacman.py:144 - player lost
2025-12-14 17:56:44,149 - INFO - C:\Users\Andrew\Desktop\ТМП\Лаб5\pacman.py:144 - player lost
2025-12-14 17:56:44,157 - INFO - C:\Users\Andrew\Desktop\ТМП\Лаб5\pacman.py:144 - player lost
2025-12-14 17:56:44,165 - INFO - C:\Users\Andrew\Desktop\ТМП\Лаб5\pacman.py:144 - player lost
2025-12-14 17:56:44,173 - INFO - C:\Users\Andrew\Desktop\ТМП\Лаб5\pacman.py:144 - player lost
2025-12-14 17:56:44,182 - INFO - C:\Users\Andrew\Desktop\ТМП\Лаб5\pacman.py:144 - player lost
2025-12-14 17:56:44,190 - INFO - C:\Users\Andrew\Desktop\ТМП\Лаб5\pacman.py:144 - player lost
2025-12-14 17:56:44,198 - INFO - C:\Users\Andrew\Desktop\ТМП\Лаб5\pacman.py:144 - player lost
2025-12-14 17:56:44,206 - INFO - C:\Users\Andrew\Desktop\ТМП\Лаб5\pacman.py:144 - player lost
2025-12-14 17:56:44,215 - INFO - C:\Users\Andrew\Desktop\ТМП\Лаб5\pacman.py:144 - player lost
2025-12-14 17:56:44,223 - INFO - C:\Users\Andrew\Desktop\ТМП\Лаб5\pacman.py:144 - player lost
2025-12-14 17:56:44,231 - INFO - C:\Users\Andrew\Desktop\ТМП\Лаб5\pacman.py:144 - player lost
2025-12-14 17:56:44,239 - INFO - C:\Users\Andrew\Desktop\ТМП\Лаб5\pacman.py:144 - player lost
2025-12-14 17:56:44,247 - INFO - C:\Users\Andrew\Desktop\ТМП\Лаб5\pacman.py:144 - player lost
2025-12-14 17:56:44,255 - INFO - C:\Users\Andrew\Desktop\ТМП\Лаб5\pacman.py:144 - player lost
2025-12-14 17:56:44,263 - INFO - C:\Users\Andrew\Desktop\ТМП\Лаб5\pacman.py:144 - player lost
2025-12-14 17:56:44,271 - INFO - C:\Users\Andrew\Desktop\ТМП\Лаб5\pacman.py:144 - player lost
2025-12-14 17:56:44,280 - INFO - C:\Users\Andrew\Desktop\ТМП\Лаб5\pacman.py:144 - player lost
2025-12-14 17:56:44,289 - INFO - C:\Users\Andrew\Desktop\ТМП\Лаб5\pacman.py:144 - player lost
2025-12-14 17:56:44,298 - INFO - C:\Users\Andrew\Desktop\ТМП\Лаб5\pacman.py:144 - player lost
2025-12-14 17:56:44,306 - INFO - C:\Users\Andrew\Desktop\ТМП\Лаб5\pacman.py:144 - player lost
2025-12-14 17:56:44,314 - INFO - C:\Users\Andrew\Desktop\ТМП\Лаб5\pacman.py:144 - player lost
2025-12-14 17:56:44,322 - INFO - C:\Users\Andrew\Desktop\ТМП\Лаб5\pacman.py:144 - player lost
2025-12-14 17:56:44,330 - INFO - C:\Users\Andrew\Desktop\ТМП\Лаб5\pacman.py:144 - player lost
2025-12-14 17:56:44,339 - INFO - C:\Users\Andrew\Desktop\ТМП\Лаб5\pacman.py:144 - player lost
2025-12-14 17:56:44,348 - INFO - C:\Users\Andrew\Desktop\ТМП\Лаб5\pacman.py:144 - player lost
2025-12-14 17:56:44,356 - INFO - C:\Users\Andrew\Desktop\ТМП\Лаб5\pacman.py:144 - player lost
2025-12-14 17:56:44,364 - INFO - C:\Users\Andrew\Desktop\ТМП\Лаб5\pacman.py:144 - player lost
2025-12-14 17:56:44,373 - INFO - C:\Users\Andrew\Desktop\ТМП\Лаб5\pacman.py:144 - player lost
2025-12-14 17:56:44,382 - INFO - C:\Users\Andrew\Desktop\ТМП\Лаб5\pacman.py:144 - player lost
2025-12-14 17:56:44,390 - INFO - C:\Users\Andrew\Desktop\ТМП\Лаб5\pacman.py:144 - player lost
2025-12-14 17:56:44,399 - INFO - C:\Users\Andrew\Desktop\ТМП\Лаб5\pacman.py:144 - player lost
2025-12-14 17:56:44,407 - INFO - C:\Users\Andrew\Desktop\ТМП\Лаб5\pacman.py:144 - player lost
2025-12-14 17:56:44,415 - INFO - C:\Users\Andrew\Desktop\ТМП\Лаб5\pacman.py:144 - player lost
2025-12-14 17:56:44,424 - INFO - C:\Users\Andrew\Desktop\ТМП\Лаб5\pacman.py:144 - player lost
2025-12-14 17:56:44,432 - INFO - C:\Users\Andrew\Desktop\ТМП\Лаб5\pacman.py:144 - player lost
2025-12-14 17:56:44,440 - INFO - C:\Users\Andrew\Desktop\ТМП\Лаб5\pacman.py:144 - player lost
2025-12-14 17:56:44,449 - INFO - C:\Users\Andrew\Desktop\ТМП\Лаб5\pacman.py:144 - player lost
2025-12-14 17:56:44,458 - INFO - C:\Users\Andrew\Desktop\ТМП\Лаб5\pacman.py:144 - player lost
2025-12-14 17:56:44,466 - INFO - C:\Users\Andrew\Desktop\ТМП\Лаб5\pacman.py:144 - player lost
2025-12-14 17:56:44,474 - INFO - C:\Users\Andrew\Desktop\ТМП\Лаб5\pacman.py:144 - player lost
2025-12-14 17:56:44,482 - INFO - C:\Users\Andrew\Desktop\ТМП\Лаб5\pacman.py:144 - player lost
2025-12-14 17:56:44,490 - INFO - C:\Users\Andrew\Desktop\ТМП\Лаб5\pacman.py:144 - player lost
2025-12-14 17:56:44,498 - INFO - C:\Users\Andrew\Desktop\ТМП\Лаб5\pacman.py:144 - player lost
2025-12-14 17:56:44,507 - INFO - C:\Users\Andrew\Desktop\ТМП\Лаб5\pacman.py:144 - player lost
2025-12-14 17:56:44,516 - INFO - C:\Users\Andrew\Desktop\ТМП\Лаб5\pacman.py:144 - player lost
2025-12-14 17:56:44,525 - INFO - C:\Users\Andrew\Desktop\ТМП\Лаб5\pacman.py:144 - player lost
2025-12-14 17:56:44,534 - INFO - C:\Users\Andrew\Desktop\ТМП\Лаб5\pacman.py:144 - player lost
2025-12-14 17:56:44,543 - INFO - C:\Users\Andrew\Desktop\ТМП\Лаб5\pacman.py:144 - player lost
2025-12-14 17:56:44,551 - INFO - C:\Users\Andrew\Desktop\ТМП\Лаб5\pacman.py:144 - player lost
2025-12-14 17:56:44,560 - INFO - C:\Users\Andrew\Desktop\ТМП\Лаб5\pacman.py:144 - player lost
2025-12-14 17:56:44,569 - INFO - C:\Users\Andrew\Desktop\ТМП\Лаб5\pacman.py:144 - player lost
2025-12-14 17:56:44,578 - INFO - C:\Users\Andrew\Desktop\ТМП\Лаб5\pacman.py:144 - player lost
2025-12-14 17:56:44,587 - INFO - C:\Users\Andrew\Desktop\ТМП\Лаб5\pacman.py:144 - player lost
2025-12-14 17:56:44,596 - INFO - C:\Users\Andrew\Desktop\ТМП\Лаб5\pacman.py:144 - player lost
2025-12-14 17:56:44,604 - INFO - C:\Users\Andrew\Desktop\ТМП\Лаб5\pacman.py:144 - player lost
2025-12-14 17:56:44,613 - INFO - C:\Users\Andrew\Desktop\ТМП\Лаб5\pacman.py:144 - player lost
2025-12-14 17:56:44,621 - INFO - C:\Users\Andrew\Desktop\ТМП\Лаб5\pacman.py:144 - player lost
2025-12-14 17:56:44,630 - INFO - C:\Users\Andrew\Desktop\ТМП\Лаб5\pacman.py:144 - player lost
2025-12-14 17:56:44,638 - INFO - C:\Users\Andrew\Desktop\ТМП\Лаб5\pacman.py:144 - player lost
2025-12-14 17:56:44,646 - INFO - C:\Users\Andrew\Desktop\ТМП\Лаб5\pacman.py:144 - player lost
2025-12-14 17:56:44,654 - INFO - C:\Users\Andrew\Desktop\ТМП\Лаб5\pacman.py:144 - player lost
2025-12-14 17:56:44,662 - INFO - C:\Users\Andrew\Desktop\ТМП\Лаб5\pacman.py:144 - player lost
2025-12-14 17:56:44,671 - INFO - C:\Users\Andrew\Desktop\ТМП\Лаб5\pacman.py:144 - player lost
2025-12-14 17:56:44,680 - INFO - C:\Users\Andrew\Desktop\ТМП\Лаб5\pacman.py:144 - player lost
2025-12-14 17:56:44,689 - INFO - C:\Users\Andrew\Desktop\ТМП\Лаб5\pacman.py:144 - player lost
2025-12-14 17:56:44,698 - INFO - C:\Users\Andrew\Desktop\ТМП\Лаб5\pacman.py:144 - player lost
2025-12-14 17:56:44,707 - INFO - C:\Users\Andrew\Desktop\ТМП\Лаб5\pacman.py:144 - player lost
2025-12-14 17:56:44,716 - INFO - C:\Users\Andrew\Desktop\ТМП\Лаб5\pacman.py:144 - player lost
2025-12-14 17:56:44,725 - INFO - C:\Users\Andrew\Desktop\ТМП\Лаб5\pacman.py:144 - player lost
2025-12-14 17:56:44,734 - INFO - C:\Users\Andrew\Desktop\ТМП\Лаб5\pacman.py:144 - player lost
2025-12-14 17:56:44,742 - INFO - C:\Users\Andrew\Desktop\ТМП\Лаб5\pacman.py:144 - player lost
2025-12-14 17:56:44,751 - INFO - C:\Users\Andrew\Desktop\ТМП\Лаб5\pacman.py:144 - player lost
2025-12-14 17:56:44,759 - INFO - C:\Users\Andrew\Desktop\ТМП\Лаб5\pacman.py:144 - player lost
2025-12-14 17:56:44,768 - INFO - C:\Users\Andrew\Desktop\ТМП\Лаб5\pacman.py:144 - player lost
2025-12-14 17:56:44,776 - INFO - C:\Users\Andrew\Desktop\ТМП\Лаб5\pacman.py:144 - player lost
2025-12-14 17:56:44,786 - INFO - C:\Users\Andrew\Desktop\ТМП\Лаб5\pacman.py:144 - player lost
2025-12-14 17:56:44,794 - INFO - C:\Users\Andrew\Desktop\ТМП\Лаб5\pacman.py:144 - player lost
2025-12-14 17:56:44,801 - INFO - C:\Users\Andrew\Desktop\ТМП\Лаб5\pacman.py:144 - player lost
2025-12-14 17:56:44,810 - INFO - C:\Users\Andrew\Desktop\ТМП\Лаб5\pacman.py:144 - player lost
2025-12-14 17:56:44,819 - INFO - C:\Users\Andrew\Desktop\ТМП\Лаб5\pacman.py:144 - player lost
2025-12-14 17:56:44,827 - INFO - C:\Users\Andrew\Desktop\ТМП\Лаб5\pacman.py:144 - player lost
2025-12-14 17:56:44,835 - INFO - C:\Users\Andrew\Desktop\ТМП\Лаб5\pacman.py:144 - player lost
2025-12-14 17:56:44,844 - INFO - C:\Users\Andrew\Desktop\ТМП\Лаб5\pacman.py:144 - player lost
2025-12-14 17:56:44,852 - INFO - C:\Users\Andrew\Desktop\ТМП\Лаб5\pacman.py:144 - player lost
2025-12-14 17:56:44,860 - INFO - C:\Users\Andrew\Desktop\ТМП\Лаб5\pacman.py:144 - player lost
2025-12-14 17:56:44,868 - INFO - C:\Users\Andrew\Desktop\ТМП\Лаб5\pacman.py:144 - player lost
2025-12-14 17:56:44,877 - INFO - C:\Users\Andrew\Desktop\ТМП\Лаб5\pacman.py:144 - player lost
2025-12-14 17:56:44,886 - INFO - C:\Users\Andrew\Desktop\ТМП\Лаб5\pacman.py:144 - player lost
2025-12-14 17:56:44,895 - INFO - C:\Users\Andrew\Desktop\ТМП\Лаб5\pacman.py:144 - player lost
2025-12-14 17:56:44,902 - INFO - C:\Users\Andrew\Desktop\ТМП\Лаб5\pacman.py:144 - player lost
2025-12-14 17:56:44,910 - INFO - C:\Users\Andrew\Desktop\ТМП\Лаб5\pacman.py:144 - player lost
2025-12-14 17:56:44,918 - INFO - C:\Users\Andrew\Desktop\ТМП\Лаб5\pacman.py:144 - player lost
2025-12-14 17:56:44,926 - INFO - C:\Users\Andrew\Desktop\ТМП\Лаб5\pacman.py:144 - player lost
2025-12-14 17:56:44,934 - INFO - C:\Users\Andrew\Desktop\ТМП\Лаб5\pacman.py:144 - player lost
2025-12-14 17:56:44,942 - INFO - C:\Users\Andrew\Desktop\ТМП\Лаб5\pacman.py:144 - player lost
2025-12-14 17:56:44,951 - INFO - C:\Users\Andrew\Desktop\ТМП\Лаб5\pacman.py:144 - player lost
2025-12-14 17:56:44,960 - INFO - C:\Users\Andrew\Desktop\ТМП\Лаб5\pacman.py:144 - player lost
2025-12-14 17:56:44,970 - INFO - C:\Users\Andrew\Desktop\ТМП\Лаб5\pacman.py:144 - player lost
2025-12-14 17:56:44,978 - INFO - C:\Users\Andrew\Desktop\ТМП\Лаб5\pacman.py:144 - player lost
2025-12-14 17:56:44,987 - INFO - C:\Users\Andrew\Desktop\ТМП\Лаб5\pacman.py:144 - player lost
2025-12-14 17:56:44,995 - INFO - C:\Users\Andrew\Desktop\ТМП\Лаб5\pacman.py:144 - player lost
2025-12-14 17:56:45,003 - INFO - C:\Users\Andrew\Desktop\ТМП\Лаб5\pacman.py:144 - player lost
2025-12-14 17:56:45,011 - INFO - C:\Users\Andrew\Desktop\ТМП\Лаб5\pacman.py:144 - player lost
2025-12-14 17:56:45,020 - INFO - C:\Users\Andrew\Desktop\ТМП\Лаб5\pacman.py:144 - player lost
2025-12-14 17:56:45,029 - INFO - C:\Users\Andrew\Desktop\ТМП\Лаб5\pacman.py:144 - player lost
2025-12-14 17:56:45,037 - INFO - C:\Users\Andrew\Desktop\ТМП\Лаб5\pacman.py:144 - player lost
2025-12-14 17:56:45,045 - INFO - C:\Users\Andrew\Desktop\ТМП\Лаб5\pacman.py:144 - player lost
2025-12-14 17:56:45,054 - INFO - C:\Users\Andrew\Desktop\ТМП\Лаб5\pacman.py:144 - player lost
2025-12-14 17:56:45,062 - INFO - C:\Users\Andrew\Desktop\ТМП\Лаб5\pacman.py:144 - player lost
2025-12-14 17:56:45,071 - INFO - C:\Users\Andrew\Desktop\ТМП\Лаб5\pacman.py:144 - player lost
2025-12-14 17:56:45,079 - INFO - C:\Users\Andrew\Desktop\ТМП\Лаб5\pacman.py:144 - player lost
2025-12-14 17:56:45,088 - INFO - C:\Users\Andrew\Desktop\ТМП\Лаб5\pacman.py:144 - player lost
2025-12-14 17:56:45,096 - INFO - C:\Users\Andrew\Desktop\ТМП\Лаб5\pacman.py:144 - player lost
2025-12-14 17:56:45,104 - INFO - C:\Users\Andrew\Desktop\ТМП\Лаб5\pacman.py:144 - player lost
2025-12-14 17:56:45,112 - INFO - C:\Users\Andrew\Desktop\ТМП\Лаб5\pacman.py:144 - player lost
2025-12-14 17:56:45,120 - INFO - C:\Users\Andrew\Desktop\ТМП\Лаб5\pacman.py:144 - player lost
2025-12-14 17:56:45,129 - INFO - C:\Users\Andrew\Desktop\ТМП\Лаб5\pacman.py:144 - player lost
2025-12-14 17:56:45,139 - INFO - C:\Users\Andrew\Desktop\ТМП\Лаб5\pacman.py:144 - player lost
2025-12-14 17:56:45,147 - INFO - C:\Users\Andrew\Desktop\ТМП\Лаб5\pacman.py:144 - player lost
2025-12-14 17:56:45,155 - INFO - C:\Users\Andrew\Desktop\ТМП\Лаб5\pacman.py:144 - player lost
2025-12-14 17:56:45,164 - INFO - C:\Users\Andrew\Desktop\ТМП\Лаб5\pacman.py:144 - player lost
2025-12-14 17:56:45,174 - INFO - C:\Users\Andrew\Desktop\ТМП\Лаб5\pacman.py:144 - player lost
2025-12-14 17:56:45,183 - INFO - C:\Users\Andrew\Desktop\ТМП\Лаб5\pacman.py:144 - player lost
2025-12-14 17:56:45,192 - INFO - C:\Users\Andrew\Desktop\ТМП\Лаб5\pacman.py:144 - player lost
2025-12-14 17:56:45,200 - INFO - C:\Users\Andrew\Desktop\ТМП\Лаб5\pacman.py:144 - player lost
2025-12-14 17:56:45,209 - INFO - C:\Users\Andrew\Desktop\ТМП\Лаб5\pacman.py:144 - player lost
2025-12-14 17:56:45,218 - INFO - C:\Users\Andrew\Desktop\ТМП\Лаб5\pacman.py:144 - player lost
2025-12-14 17:56:45,226 - INFO - C:\Users\Andrew\Desktop\ТМП\Лаб5\pacman.py:144 - player lost
2025-12-14 17:56:45,235 - INFO - C:\Users\Andrew\Desktop\ТМП\Лаб5\pacman.py:144 - player lost
2025-12-14 17:56:45,244 - INFO - C:\Users\Andrew\Desktop\ТМП\Лаб5\pacman.py:144 - player lost
2025-12-14 17:56:45,252 - INFO - C:\Users\Andrew\Desktop\ТМП\Лаб5\pacman.py:144 - player lost
2025-12-14 17:56:45,260 - INFO - C:\Users\Andrew\Desktop\ТМП\Лаб5\pacman.py:144 - player lost
2025-12-14 17:56:45,269 - INFO - C:\Users\Andrew\Desktop\ТМП\Лаб5\pacman.py:144 - player lost
2025-12-14 17:56:45,277 - INFO - C:\Users\Andrew\Desktop\ТМП\Лаб5\pacman.py:144 - player lost
2025-12-14 17:56:45,285 - INFO - C:\Users\Andrew\Desktop\ТМП\Лаб5\pacman.py:144 - player lost
2025-12-14 17:56:45,294 - INFO - C:\Users\Andrew\Desktop\ТМП\Лаб5\pacman.py:144 - player lost
2025-12-14 17:56:45,303 - INFO - C:\Users\Andrew\Desktop\ТМП\Лаб5\pacman.py:144 - player lost
2025-12-14 17:56:45,312 - INFO - C:\Users\Andrew\Desktop\ТМП\Лаб5\pacman.py:144 - player lost
2025-12-14 17:56:45,320 - INFO - C:\Users\Andrew\Desktop\ТМП\Лаб5\pacman.py:144 - player lost
2025-12-14 17:56:45,329 - INFO - C:\Users\Andrew\Desktop\ТМП\Лаб5\pacman.py:144 - player lost
2025-12-14 17:56:45,336 - INFO - C:\Users\Andrew\Desktop\ТМП\Лаб5\pacman.py:144 - player lost
2025-12-14 17:56:45,345 - INFO - C:\Users\Andrew\Desktop\ТМП\Лаб5\pacman.py:144 - player lost
2025-12-14 17:56:45,355 - INFO - C:\Users\Andrew\Desktop\ТМП\Лаб5\pacman.py:144 - player lost
2025-12-14 17:56:45,364 - INFO - C:\Users\Andrew\Desktop\ТМП\Лаб5\pacman.py:144 - player lost
2025-12-14 17:56:45,372 - INFO - C:\Users\Andrew\Desktop\ТМП\Лаб5\pacman.py:144 - player lost
2025-12-14 17:56:45,381 - INFO - C:\Users\Andrew\Desktop\ТМП\Лаб5\pacman.py:144 - player lost
2025-12-14 17:56:45,390 - INFO - C:\Users\Andrew\Desktop\ТМП\Лаб5\pacman.py:144 - player lost
2025-12-14 17:56:45,399 - INFO - C:\Users\Andrew\Desktop\ТМП\Лаб5\pacman.py:144 - player lost
2025-12-14 17:56:45,407 - INFO - C:\Users\Andrew\Desktop\ТМП\Лаб5\pacman.py:144 - player lost
2025-12-14 17:56:45,415 - INFO - C:\Users\Andrew\Desktop\ТМП\Лаб5\pacman.py:144 - player lost
2025-12-14 17:56:45,424 - INFO - C:\Users\Andrew\Desktop\ТМП\Лаб5\pacman.py:144 - player lost
2025-12-14 17:56:45,433 - INFO - C:\Users\Andrew\Desktop\ТМП\Лаб5\pacman.py:144 - player lost
2025-12-14 17:56:45,441 - INFO - C:\Users\Andrew\Desktop\ТМП\Лаб5\pacman.py:144 - player lost
2025-12-14 17:56:45,450 - INFO - C:\Users\Andrew\Desktop\ТМП\Лаб5\pacman.py:144 - player lost
2025-12-14 17:56:45,458 - INFO - C:\Users\Andrew\Desktop\ТМП\Лаб5\pacman.py:144 - player lost
2025-12-14 17:56:45,467 - INFO - C:\Users\Andrew\Desktop\ТМП\Лаб5\pacman.py:144 - player lost
2025-12-14 17:56:45,476 - INFO - C:\Users\Andrew\Desktop\ТМП\Лаб5\pacman.py:144 - player lost
2025-12-14 17:56:45,485 - INFO - C:\Users\Andrew\Desktop\ТМП\Лаб5\pacman.py:144 - player lost
2025-12-14 17:56:45,493 - INFO - C:\Users\Andrew\Desktop\ТМП\Лаб5\pacman.py:144 - player lost
2025-12-14 17:56:45,501 - INFO - C:\Users\Andrew\Desktop\ТМП\Лаб5\pacman.py:144 - player lost
2025-12-14 17:56:45,510 - INFO - C:\Users\Andrew\Desktop\ТМП\Лаб5\pacman.py:144 - player lost
2025-12-14 17:56:45,519 - INFO - C:\Users\Andrew\Desktop\ТМП\Лаб5\pacman.py:144 - player lost
2025-12-14 17:56:45,527 - INFO - C:\Users\Andrew\Desktop\ТМП\Лаб5\pacman.py:144 - player lost
2025-12-14 17:56:45,536 - INFO - C:\Users\Andrew\Desktop\ТМП\Лаб5\pacman.py:144 - player lost
2025-12-14 17:56:45,545 - INFO - C:\Users\Andrew\Desktop\ТМП\Лаб5\pacman.py:144 - player lost
2025-12-14 17:56:45,553 - INFO - C:\Users\Andrew\Desktop\ТМП\Лаб5\pacman.py:144 - player lost
2025-12-14 17:56:45,561 - INFO - C:\Users\Andrew\Desktop\ТМП\Лаб5\pacman.py:144 - player lost
2025-12-14 17:56:45,569 - INFO - C:\Users\Andrew\Desktop\ТМП\Лаб5\pacman.py:144 - player lost
2025-12-14 17:56:45,578 - INFO - C:\Users\Andrew\Desktop\ТМП\Лаб5\pacman.py:144 - player lost
2025-12-14 17:56:45,586 - INFO - C:\Users\Andrew\Desktop\ТМП\Лаб5\pacman.py:144 - player lost
2025-12-14 17:56:45,595 - INFO - C:\Users\Andrew\Desktop\ТМП\Лаб5\pacman.py:144 - player lost
2025-12-14 17:56:45,603 - INFO - C:\Users\Andrew\Desktop\ТМП\Лаб5\pacman.py:144 - player lost
2025-12-14 17:56:45,611 - INFO - C:\Users\Andrew\Desktop\ТМП\Лаб5\pacman.py:144 - player lost
2025-12-14 17:56:45,619 - INFO - C:\Users\Andrew\Desktop\ТМП\Лаб5\pacman.py:144 - player lost
2025-12-14 17:56:45,627 - INFO - C:\Users\Andrew\Desktop\ТМП\Лаб5\pacman.py:144 - player lost
2025-12-14 17:56:45,635 - INFO - C:\Users\Andrew\Desktop\ТМП\Лаб5\pacman.py:144 - player lost
2025-12-14 17:56:45,643 - INFO - C:\Users\Andrew\Desktop\ТМП\Лаб5\pacman.py:144 - player lost
2025-12-14 17:56:45,651 - INFO - C:\Users\Andrew\Desktop\ТМП\Лаб5\pacman.py:144 - player lost
2025-12-14 17:56:45,659 - INFO - C:\Users\Andrew\Desktop\ТМП\Лаб5\pacman.py:144 - player lost
2025-12-14 17:56:45,667 - INFO - C:\Users\Andrew\Desktop\ТМП\Лаб5\pacman.py:144 - player lost
2025-12-14 17:56:45,675 - INFO - C:\Users\Andrew\Desktop\ТМП\Лаб5\pacman.py:144 - player lost
2025-12-14 17:56:45,683 - INFO - C:\Users\Andrew\Desktop\ТМП\Лаб5\pacman.py:144 - player lost
2025-12-14 17:56:45,691 - INFO - C:\Users\Andrew\Desktop\ТМП\Лаб5\pacman.py:144 - player lost
2025-12-14 17:56:45,699 - INFO - C:\Users\Andrew\Desktop\ТМП\Лаб5\pacman.py:144 - player lost
2025-12-14 17:56:45,707 - INFO - C:\Users\Andrew\Desktop\ТМП\Лаб5\pacman.py:144 - player lost
2025-12-14 17:56:45,715 - INFO - C:\Users\Andrew\Desktop\ТМП\Лаб5\pacman.py:144 - player lost
2025-12-14 17:56:45,723 - INFO - C:\Users\Andrew\Desktop\ТМП\Лаб5\pacman.py:144 - player lost
2025-12-14 17:56:45,733 - INFO - C:\Users\Andrew\Desktop\ТМП\Лаб5\pacman.py:144 - player lost
2025-12-14 17:56:45,742 - INFO - C:\Users\Andrew\Desktop\ТМП\Лаб5\pacman.py:144 - player lost
2025-12-14 17:56:45,751 - INFO - C:\Users\Andrew\Desktop\ТМП\Лаб5\pacman.py:144 - player lost
2025-12-14 17:56:45,758 - INFO - C:\Users\Andrew\Desktop\ТМП\Лаб5\pacman.py:144 - player lost
2025-12-14 17:56:45,767 - INFO - C:\Users\Andrew\Desktop\ТМП\Лаб5\pacman.py:144 - player lost
2025-12-14 17:56:45,776 - INFO - C:\Users\Andrew\Desktop\ТМП\Лаб5\pacman.py:144 - player lost
2025-12-14 17:56:45,784 - INFO - C:\Users\Andrew\Desktop\ТМП\Лаб5\pacman.py:144 - player lost
2025-12-14 17:56:45,792 - INFO - C:\Users\Andrew\Desktop\ТМП\Лаб5\pacman.py:144 - player lost
2025-12-14 17:56:45,801 - INFO - C:\Users\Andrew\Desktop\ТМП\Лаб5\pacman.py:144 - player lost
2025-12-14 17:56:45,810 - INFO - C:\Users\Andrew\Desktop\ТМП\Лаб5\pacman.py:144 - player lost
2025-12-14 17:56:45,819 - INFO - C:\Users\Andrew\Desktop\ТМП\Лаб5\pacman.py:144 - player lost
2025-12-14 17:56:45,828 - INFO - C:\Users\Andrew\Desktop\ТМП\Лаб5\pacman.py:144 - player lost
2025-12-14 17:56:45,837 - INFO - C:\Users\Andrew\Desktop\ТМП\Лаб5\pacman.py:144 - player lost
2025-12-14 17:56:45,846 - INFO - C:\Users\Andrew\Desktop\ТМП\Лаб5\pacman.py:144 - player lost
2025-12-14 17:56:45,855 - INFO - C:\Users\Andrew\Desktop\ТМП\Лаб5\pacman.py:144 - player lost
2025-12-14 17:56:45,864 - INFO - C:\Users\Andrew\Desktop\ТМП\Лаб5\pacman.py:144 - player lost
2025-12-14 17:56:45,873 - INFO - C:\Users\Andrew\Desktop\ТМП\Лаб5\pacman.py:144 - player lost
2025-12-14 17:56:45,882 - INFO - C:\Users\Andrew\Desktop\ТМП\Лаб5\pacman.py:144 - player lost
2025-12-14 17:56:45,891 - INFO - C:\Users\Andrew\Desktop\ТМП\Лаб5\pacman.py:144 - player lost
2025-12-14 17:56:45,901 - INFO - C:\Users\Andrew\Desktop\ТМП\Лаб5\pacman.py:144 - player lost
2025-12-14 17:56:45,909 - INFO - C:\Users\Andrew\Desktop\ТМП\Лаб5\pacman.py:144 - player lost
2025-12-14 17:56:45,918 - INFO - C:\Users\Andrew\Desktop\ТМП\Лаб5\pacman.py:144 - player lost
2025-12-14 17:56:45,927 - INFO - C:\Users\Andrew\Desktop\ТМП\Лаб5\pacman.py:144 - player lost
2025-12-14 17:56:45,935 - INFO - C:\Users\Andrew\Desktop\ТМП\Лаб5\pacman.py:144 - player lost
2025-12-14 17:56:45,944 - INFO - C:\Users\Andrew\Desktop\ТМП\Лаб5\pacman.py:144 - player lost
2025-12-14 17:56:45,952 - INFO - C:\Users\Andrew\Desktop\ТМП\Лаб5\pacman.py:144 - player lost
2025-12-14 17:56:45,961 - INFO - C:\Users\Andrew\Desktop\ТМП\Лаб5\pacman.py:144 - player lost
2025-12-14 17:56:45,970 - INFO - C:\Users\Andrew\Desktop\ТМП\Лаб5\pacman.py:144 - player lost
2025-12-14 17:56:45,979 - INFO - C:\Users\Andrew\Desktop\ТМП\Лаб5\pacman.py:144 - player lost
2025-12-14 17:56:45,988 - INFO - C:\Users\Andrew\Desktop\ТМП\Лаб5\pacman.py:144 - player lost
2025-12-14 17:56:45,996 - INFO - C:\Users\Andrew\Desktop\ТМП\Лаб5\pacman.py:144 - player lost
2025-12-14 17:56:46,004 - INFO - C:\Users\Andrew\Desktop\ТМП\Лаб5\pacman.py:144 - player lost
2025-12-14 17:56:46,013 - INFO - C:\Users\Andrew\Desktop\ТМП\Лаб5\pacman.py:144 - player lost
2025-12-14 17:56:46,022 - INFO - C:\Users\Andrew\Desktop\ТМП\Лаб5\pacman.py:144 - player lost
2025-12-14 17:56:46,031 - INFO - C:\Users\Andrew\Desktop\ТМП\Лаб5\pacman.py:144 - player lost
2025-12-14 17:56:46,040 - INFO - C:\Users\Andrew\Desktop\ТМП\Лаб5\pacman.py:144 - player lost
2025-12-14 17:56:46,049 - INFO - C:\Users\Andrew\Desktop\ТМП\Лаб5\pacman.py:144 - player lost
2025-12-14 17:56:46,058 - INFO - C:\Users\Andrew\Desktop\ТМП\Лаб5\pacman.py:144 - player lost
2025-12-14 17:56:46,067 - INFO - C:\Users\Andrew\Desktop\ТМП\Лаб5\pacman.py:144 - player lost
2025-12-14 17:56:46,075 - INFO - C:\Users\Andrew\Desktop\ТМП\Лаб5\pacman.py:144 - player lost
2025-12-14 17:56:46,083 - INFO - C:\Users\Andrew\Desktop\ТМП\Лаб5\pacman.py:144 - player lost
2025-12-14 17:56:46,091 - INFO - C:\Users\Andrew\Desktop\ТМП\Лаб5\pacman.py:144 - player lost
2025-12-14 17:56:46,100 - INFO - C:\Users\Andrew\Desktop\ТМП\Лаб5\pacman.py:144 - player lost
2025-12-14 17:56:46,108 - INFO - C:\Users\Andrew\Desktop\ТМП\Лаб5\pacman.py:144 - player lost
2025-12-14 17:56:46,116 - INFO - C:\Users\Andrew\Desktop\ТМП\Лаб5\pacman.py:144 - player lost
2025-12-14 17:56:46,124 - INFO - C:\Users\Andrew\Desktop\ТМП\Лаб5\pacman.py:144 - player lost
2025-12-14 17:56:46,132 - INFO - C:\Users\Andrew\Desktop\ТМП\Лаб5\pacman.py:144 - player lost
2025-12-14 17:56:46,140 - INFO - C:\Users\Andrew\Desktop\ТМП\Лаб5\pacman.py:144 - player lost
2025-12-14 17:56:46,148 - INFO - C:\Users\Andrew\Desktop\ТМП\Лаб5\pacman.py:144 - player lost
2025-12-14 17:56:46,156 - INFO - C:\Users\Andrew\Desktop\ТМП\Лаб5\pacman.py:144 - player lost
2025-12-14 17:56:46,165 - INFO - C:\Users\Andrew\Desktop\ТМП\Лаб5\pacman.py:144 - player lost
2025-12-14 17:56:46,173 - INFO - C:\Users\Andrew\Desktop\ТМП\Лаб5\pacman.py:144 - player lost
2025-12-14 17:56:46,181 - INFO - C:\Users\Andrew\Desktop\ТМП\Лаб5\pacman.py:144 - player lost
2025-12-14 17:56:46,191 - INFO - C:\Users\Andrew\Desktop\ТМП\Лаб5\pacman.py:144 - player lost
2025-12-14 17:56:46,198 - INFO - C:\Users\Andrew\Desktop\ТМП\Лаб5\pacman.py:144 - player lost
2025-12-14 17:56:46,207 - INFO - C:\Users\Andrew\Desktop\ТМП\Лаб5\pacman.py:144 - player lost
2025-12-14 17:56:46,216 - INFO - C:\Users\Andrew\Desktop\ТМП\Лаб5\pacman.py:144 - player lost
2025-12-14 17:56:46,224 - INFO - C:\Users\Andrew\Desktop\ТМП\Лаб5\pacman.py:144 - player lost
2025-12-14 17:56:46,233 - INFO - C:\Users\Andrew\Desktop\ТМП\Лаб5\pacman.py:144 - player lost
2025-12-14 17:56:46,241 - INFO - C:\Users\Andrew\Desktop\ТМП\Лаб5\pacman.py:144 - player lost
2025-12-14 17:56:46,249 - INFO - C:\Users\Andrew\Desktop\ТМП\Лаб5\pacman.py:144 - player lost
2025-12-14 17:56:46,257 - INFO - C:\Users\Andrew\Desktop\ТМП\Лаб5\pacman.py:144 - player lost
2025-12-14 17:56:46,265 - INFO - C:\Users\Andrew\Desktop\ТМП\Лаб5\pacman.py:144 - player lost
2025-12-14 17:56:46,273 - INFO - C:\Users\Andrew\Desktop\ТМП\Лаб5\pacman.py:144 - player lost
2025-12-14 17:56:46,281 - INFO - C:\Users\Andrew\Desktop\ТМП\Лаб5\pacman.py:144 - player lost
2025-12-14 17:56:46,289 - INFO - C:\Users\Andrew\Desktop\ТМП\Лаб5\pacman.py:144 - player lost
2025-12-14 17:56:46,298 - INFO - C:\Users\Andrew\Desktop\ТМП\Лаб5\pacman.py:144 - player lost
2025-12-14 17:56:46,306 - INFO - C:\Users\Andrew\Desktop\ТМП\Лаб5\pacman.py:144 - player lost
2025-12-14 17:56:46,315 - INFO - C:\Users\Andrew\Desktop\ТМП\Лаб5\pacman.py:144 - player lost
2025-12-14 17:56:46,323 - INFO - C:\Users\Andrew\Desktop\ТМП\Лаб5\pacman.py:144 - player lost
2025-12-14 17:56:46,331 - INFO - C:\Users\Andrew\Desktop\ТМП\Лаб5\pacman.py:144 - player lost
2025-12-14 17:56:46,339 - INFO - C:\Users\Andrew\Desktop\ТМП\Лаб5\pacman.py:144 - player lost
2025-12-14 17:56:46,348 - INFO - C:\Users\Andrew\Desktop\ТМП\Лаб5\pacman.py:144 - player lost
2025-12-14 17:56:46,357 - INFO - C:\Users\Andrew\Desktop\ТМП\Лаб5\pacman.py:144 - player lost
2025-12-14 17:56:46,366 - INFO - C:\Users\Andrew\Desktop\ТМП\Лаб5\pacman.py:144 - player lost
2025-12-14 17:56:46,374 - INFO - C:\Users\Andrew\Desktop\ТМП\Лаб5\pacman.py:144 - player lost
2025-12-14 17:56:46,382 - INFO - C:\Users\Andrew\Desktop\ТМП\Лаб5\pacman.py:144 - player lost
2025-12-14 17:56:46,391 - INFO - C:\Users\Andrew\Desktop\ТМП\Лаб5\pacman.py:144 - player lost
2025-12-14 17:56:46,400 - INFO - C:\Users\Andrew\Desktop\ТМП\Лаб5\pacman.py:144 - player lost
2025-12-14 17:56:46,409 - INFO - C:\Users\Andrew\Desktop\ТМП\Лаб5\pacman.py:144 - player lost
2025-12-14 17:56:46,422 - INFO - C:\Users\Andrew\Desktop\ТМП\Лаб5\pacman.py:144 - player lost
2025-12-14 17:56:46,430 - INFO - C:\Users\Andrew\Desktop\ТМП\Лаб5\pacman.py:144 - player lost
2025-12-14 17:56:46,437 - INFO - C:\Users\Andrew\Desktop\ТМП\Лаб5\pacman.py:144 - player lost
2025-12-14 17:56:46,444 - INFO - C:\Users\Andrew\Desktop\ТМП\Лаб5\pacman.py:144 - player lost
2025-12-14 17:56:46,452 - INFO - C:\Users\Andrew\Desktop\ТМП\Лаб5\pacman.py:144 - player lost
2025-12-14 17:56:46,461 - INFO - C:\Users\Andrew\Desktop\ТМП\Лаб5\pacman.py:144 - player lost
2025-12-14 17:56:46,469 - INFO - C:\Users\Andrew\Desktop\ТМП\Лаб5\pacman.py:144 - player lost
2025-12-14 17:56:46,477 - INFO - C:\Users\Andrew\Desktop\ТМП\Лаб5\pacman.py:144 - player lost
2025-12-14 17:56:46,485 - INFO - C:\Users\Andrew\Desktop\ТМП\Лаб5\pacman.py:144 - player lost
2025-12-14 17:56:46,493 - INFO - C:\Users\Andrew\Desktop\ТМП\Лаб5\pacman.py:144 - player lost
2025-12-14 17:56:46,501 - INFO - C:\Users\Andrew\Desktop\ТМП\Лаб5\pacman.py:144 - player lost
2025-12-14 17:56:46,508 - INFO - C:\Users\Andrew\Desktop\ТМП\Лаб5\pacman.py:144 - player lost
2025-12-14 17:56:46,517 - INFO - C:\Users\Andrew\Desktop\ТМП\Лаб5\pacman.py:144 - player lost
2025-12-14 17:56:46,526 - INFO - C:\Users\Andrew\Desktop\ТМП\Лаб5\pacman.py:144 - player lost
2025-12-14 17:56:46,535 - INFO - C:\Users\Andrew\Desktop\ТМП\Лаб5\pacman.py:144 - player lost
2025-12-14 17:56:46,544 - INFO - C:\Users\Andrew\Desktop\ТМП\Лаб5\pacman.py:144 - player lost
2025-12-14 17:56:46,552 - INFO - C:\Users\Andrew\Desktop\ТМП\Лаб5\pacman.py:144 - player lost
2025-12-14 17:56:46,560 - INFO - C:\Users\Andrew\Desktop\ТМП\Лаб5\pacman.py:144 - player lost
2025-12-14 17:56:46,569 - INFO - C:\Users\Andrew\Desktop\ТМП\Лаб5\pacman.py:144 - player lost
2025-12-14 17:56:46,578 - INFO - C:\Users\Andrew\Desktop\ТМП\Лаб5\pacman.py:144 - player lost
2025-12-14 17:56:46,586 - INFO - C:\Users\Andrew\Desktop\ТМП\Лаб5\pacman.py:144 - player lost
2025-12-14 17:56:46,594 - INFO - C:\Users\Andrew\Desktop\ТМП\Лаб5\pacman.py:144 - player lost
2025-12-14 17:56:46,602 - INFO - C:\Users\Andrew\Desktop\ТМП\Лаб5\pacman.py:144 - player lost
2025-12-14 17:56:46,611 - INFO - C:\Users\Andrew\Desktop\ТМП\Лаб5\pacman.py:144 - player lost
2025-12-14 17:56:46,620 - INFO - C:\Users\Andrew\Desktop\ТМП\Лаб5\pacman.py:144 - player lost
2025-12-14 17:56:46,629 - INFO - C:\Users\Andrew\Desktop\ТМП\Лаб5\pacman.py:144 - player lost
2025-12-14 17:56:46,638 - INFO - C:\Users\Andrew\Desktop\ТМП\Лаб5\pacman.py:144 - player lost
2025-12-14 17:56:46,647 - INFO - C:\Users\Andrew\Desktop\ТМП\Лаб5\pacman.py:144 - player lost
2025-12-14 17:56:46,656 - INFO - C:\Users\Andrew\Desktop\ТМП\Лаб5\pacman.py:144 - player lost
2025-12-14 17:56:46,665 - INFO - C:\Users\Andrew\Desktop\ТМП\Лаб5\pacman.py:144 - player lost
2025-12-14 17:56:46,674 - INFO - C:\Users\Andrew\Desktop\ТМП\Лаб5\pacman.py:144 - player lost
2025-12-14 17:56:46,683 - INFO - C:\Users\Andrew\Desktop\ТМП\Лаб5\pacman.py:144 - player lost
2025-12-14 17:56:46,692 - INFO - C:\Users\Andrew\Desktop\ТМП\Лаб5\pacman.py:144 - player lost
2025-12-14 17:56:46,701 - INFO - C:\Users\Andrew\Desktop\ТМП\Лаб5\pacman.py:144 - player lost
2025-12-14 17:56:46,710 - INFO - C:\Users\Andrew\Desktop\ТМП\Лаб5\pacman.py:144 - player lost
2025-12-14 17:56:46,719 - INFO - C:\Users\Andrew\Desktop\ТМП\Лаб5\pacman.py:144 - player lost
2025-12-14 17:56:46,729 - INFO - C:\Users\Andrew\Desktop\ТМП\Лаб5\pacman.py:144 - player lost
2025-12-14 17:56:46,737 - INFO - C:\Users\Andrew\Desktop\ТМП\Лаб5\pacman.py:144 - player lost
2025-12-14 17:56:46,745 - INFO - C:\Users\Andrew\Desktop\ТМП\Лаб5\pacman.py:144 - player lost
2025-12-14 17:56:46,753 - INFO - C:\Users\Andrew\Desktop\ТМП\Лаб5\pacman.py:144 - player lost
2025-12-14 17:56:46,761 - INFO - C:\Users\Andrew\Desktop\ТМП\Лаб5\pacman.py:144 - player lost
2025-12-14 17:56:46,769 - INFO - C:\Users\Andrew\Desktop\ТМП\Лаб5\pacman.py:144 - player lost
2025-12-14 17:56:46,777 - INFO - C:\Users\Andrew\Desktop\ТМП\Лаб5\pacman.py:144 - player lost
2025-12-14 17:56:46,785 - INFO - C:\Users\Andrew\Desktop\ТМП\Лаб5\pacman.py:144 - player lost
2025-12-14 17:56:46,795 - INFO - C:\Users\Andrew\Desktop\ТМП\Лаб5\pacman.py:144 - player lost
2025-12-14 17:56:46,804 - INFO - C:\Users\Andrew\Desktop\ТМП\Лаб5\pacman.py:144 - player lost
2025-12-14 17:56:46,811 - INFO - C:\Users\Andrew\Desktop\ТМП\Лаб5\pacman.py:144 - player lost
2025-12-14 17:56:46,820 - INFO - C:\Users\Andrew\Desktop\ТМП\Лаб5\pacman.py:144 - player lost
2025-12-14 17:56:46,830 - INFO - C:\Users\Andrew\Desktop\ТМП\Лаб5\pacman.py:144 - player lost
2025-12-14 17:56:46,838 - INFO - C:\Users\Andrew\Desktop\ТМП\Лаб5\pacman.py:144 - player lost
2025-12-14 17:56:46,847 - INFO - C:\Users\Andrew\Desktop\ТМП\Лаб5\pacman.py:144 - player lost
2025-12-14 17:56:46,857 - INFO - C:\Users\Andrew\Desktop\ТМП\Лаб5\pacman.py:144 - player lost
2025-12-14 17:56:46,866 - INFO - C:\Users\Andrew\Desktop\ТМП\Лаб5\pacman.py:144 - player lost
2025-12-14 17:56:46,874 - INFO - C:\Users\Andrew\Desktop\ТМП\Лаб5\pacman.py:144 - player lost
2025-12-14 17:56:46,883 - INFO - C:\Users\Andrew\Desktop\ТМП\Лаб5\pacman.py:144 - player lost
2025-12-14 17:56:46,892 - INFO - C:\Users\Andrew\Desktop\ТМП\Лаб5\pacman.py:144 - player lost
2025-12-14 17:56:46,901 - INFO - C:\Users\Andrew\Desktop\ТМП\Лаб5\pacman.py:144 - player lost
2025-12-14 17:56:46,909 - INFO - C:\Users\Andrew\Desktop\ТМП\Лаб5\pacman.py:144 - player lost
2025-12-14 17:56:46,918 - INFO - C:\Users\Andrew\Desktop\ТМП\Лаб5\pacman.py:144 - player lost
2025-12-14 17:56:46,926 - INFO - C:\Users\Andrew\Desktop\ТМП\Лаб5\pacman.py:144 - player lost
2025-12-14 17:56:46,934 - INFO - C:\Users\Andrew\Desktop\ТМП\Лаб5\pacman.py:144 - player lost
2025-12-14 17:56:46,942 - INFO - C:\Users\Andrew\Desktop\ТМП\Лаб5\pacman.py:144 - player lost
2025-12-14 17:56:46,950 - INFO - C:\Users\Andrew\Desktop\ТМП\Лаб5\pacman.py:144 - player lost
2025-12-14 17:56:46,958 - INFO - C:\Users\Andrew\Desktop\ТМП\Лаб5\pacman.py:144 - player lost
2025-12-14 17:56:46,967 - INFO - C:\Users\Andrew\Desktop\ТМП\Лаб5\pacman.py:144 - player lost
2025-12-14 17:56:46,974 - INFO - C:\Users\Andrew\Desktop\ТМП\Лаб5\pacman.py:144 - player lost
2025-12-14 17:56:46,983 - INFO - C:\Users\Andrew\Desktop\ТМП\Лаб5\pacman.py:144 - player lost
2025-12-14 17:56:46,990 - INFO - C:\Users\Andrew\Desktop\ТМП\Лаб5\pacman.py:144 - player lost
2025-12-14 17:56:46,999 - INFO - C:\Users\Andrew\Desktop\ТМП\Лаб5\pacman.py:144 - player lost
2025-12-14 17:56:47,007 - INFO - C:\Users\Andrew\Desktop\ТМП\Лаб5\pacman.py:144 - player lost
2025-12-14 17:56:47,015 - INFO - C:\Users\Andrew\Desktop\ТМП\Лаб5\pacman.py:144 - player lost
2025-12-14 17:56:47,023 - INFO - C:\Users\Andrew\Desktop\ТМП\Лаб5\pacman.py:144 - player lost
2025-12-14 17:56:47,031 - INFO - C:\Users\Andrew\Desktop\ТМП\Лаб5\pacman.py:144 - player lost
2025-12-14 17:56:47,039 - INFO - C:\Users\Andrew\Desktop\ТМП\Лаб5\pacman.py:144 - player lost
2025-12-14 17:56:47,047 - INFO - C:\Users\Andrew\Desktop\ТМП\Лаб5\pacman.py:144 - player lost
2025-12-14 17:56:47,055 - INFO - C:\Users\Andrew\Desktop\ТМП\Лаб5\pacman.py:144 - player lost
2025-12-14 17:56:47,156 - INFO - C:\Users\Andrew\Desktop\ТМП\Лаб5\pacman.py:144 - player lost
2025-12-14 17:56:47,161 - INFO - C:\Users\Andrew\Desktop\ТМП\Лаб5\pacman.py:144 - player lost
2025-12-14 17:56:47,169 - INFO - C:\Users\Andrew\Desktop\ТМП\Лаб5\pacman.py:144 - player lost
2025-12-14 17:56:47,177 - INFO - C:\Users\Andrew\Desktop\ТМП\Лаб5\pacman.py:144 - player lost
2025-12-14 17:56:47,186 - INFO - C:\Users\Andrew\Desktop\ТМП\Лаб5\pacman.py:144 - player lost
2025-12-14 17:56:47,194 - INFO - C:\Users\Andrew\Desktop\ТМП\Лаб5\pacman.py:144 - player lost
2025-12-14 17:56:47,202 - INFO - C:\Users\Andrew\Desktop\ТМП\Лаб5\pacman.py:144 - player lost
2025-12-14 17:56:47,210 - INFO - C:\Users\Andrew\Desktop\ТМП\Лаб5\pacman.py:144 - player lost
2025-12-14 17:56:47,218 - INFO - C:\Users\Andrew\Desktop\ТМП\Лаб5\pacman.py:144 - player lost
2025-12-14 17:56:47,227 - INFO - C:\Users\Andrew\Desktop\ТМП\Лаб5\pacman.py:144 - player lost
2025-12-14 17:56:47,236 - INFO - C:\Users\Andrew\Desktop\ТМП\Лаб5\pacman.py:144 - player lost
2025-12-14 17:56:47,244 - INFO - C:\Users\Andrew\Desktop\ТМП\Лаб5\pacman.py:144 - player lost
2025-12-14 17:56:47,252 - INFO - C:\Users\Andrew\Desktop\ТМП\Лаб5\pacman.py:144 - player lost
2025-12-14 17:56:47,260 - INFO - C:\Users\Andrew\Desktop\ТМП\Лаб5\pacman.py:144 - player lost
2025-12-14 17:56:47,268 - INFO - C:\Users\Andrew\Desktop\ТМП\Лаб5\pacman.py:144 - player lost
2025-12-14 17:56:47,276 - INFO - C:\Users\Andrew\Desktop\ТМП\Лаб5\pacman.py:144 - player lost
2025-12-14 17:56:47,284 - INFO - C:\Users\Andrew\Desktop\ТМП\Лаб5\pacman.py:144 - player lost
2025-12-14 17:56:47,292 - INFO - C:\Users\Andrew\Desktop\ТМП\Лаб5\pacman.py:144 - player lost
2025-12-14 17:56:47,300 - INFO - C:\Users\Andrew\Desktop\ТМП\Лаб5\pacman.py:144 - player lost
2025-12-14 17:56:47,308 - INFO - C:\Users\Andrew\Desktop\ТМП\Лаб5\pacman.py:144 - player lost
2025-12-14 17:56:47,316 - INFO - C:\Users\Andrew\Desktop\ТМП\Лаб5\pacman.py:144 - player lost
2025-12-14 17:56:47,324 - INFO - C:\Users\Andrew\Desktop\ТМП\Лаб5\pacman.py:144 - player lost
2025-12-14 17:56:47,332 - INFO - C:\Users\Andrew\Desktop\ТМП\Лаб5\pacman.py:144 - player lost
2025-12-14 17:56:47,340 - INFO - C:\Users\Andrew\Desktop\ТМП\Лаб5\pacman.py:144 - player lost
2025-12-14 17:56:47,348 - INFO - C:\Users\Andrew\Desktop\ТМП\Лаб5\pacman.py:144 - player lost
2025-12-14 17:56:47,356 - INFO - C:\Users\Andrew\Desktop\ТМП\Лаб5\pacman.py:144 - player lost
2025-12-14 17:56:47,364 - INFO - C:\Users\Andrew\Desktop\ТМП\Лаб5\pacman.py:144 - player lost
2025-12-14 17:56:47,372 - INFO - C:\Users\Andrew\Desktop\ТМП\Лаб5\pacman.py:144 - player lost
2025-12-14 17:56:47,380 - INFO - C:\Users\Andrew\Desktop\ТМП\Лаб5\pacman.py:144 - player lost
2025-12-14 17:56:47,388 - INFO - C:\Users\Andrew\Desktop\ТМП\Лаб5\pacman.py:144 - player lost
2025-12-14 17:56:47,396 - INFO - C:\Users\Andrew\Desktop\ТМП\Лаб5\pacman.py:144 - player lost
2025-12-14 17:56:47,404 - INFO - C:\Users\Andrew\Desktop\ТМП\Лаб5\pacman.py:144 - player lost
2025-12-14 17:56:47,412 - INFO - C:\Users\Andrew\Desktop\ТМП\Лаб5\pacman.py:144 - player lost
2025-12-14 17:56:47,420 - INFO - C:\Users\Andrew\Desktop\ТМП\Лаб5\pacman.py:144 - player lost
2025-12-14 17:56:47,428 - INFO - C:\Users\Andrew\Desktop\ТМП\Лаб5\pacman.py:144 - player lost
2025-12-14 17:56:47,436 - INFO - C:\Users\Andrew\Desktop\ТМП\Лаб5\pacman.py:144 - player lost
2025-12-14 17:56:47,444 - INFO - C:\Users\Andrew\Desktop\ТМП\Лаб5\pacman.py:144 - player lost
2025-12-14 17:56:47,453 - INFO - C:\Users\Andrew\Desktop\ТМП\Лаб5\pacman.py:144 - player lost
2025-12-14 17:56:47,461 - INFO - C:\Users\Andrew\Desktop\ТМП\Лаб5\pacman.py:144 - player lost
2025-12-14 17:56:47,470 - INFO - C:\Users\Andrew\Desktop\ТМП\Лаб5\pacman.py:144 - player lost
2025-12-14 17:56:47,478 - INFO - C:\Users\Andrew\Desktop\ТМП\Лаб5\pacman.py:144 - player lost
2025-12-14 17:56:47,487 - INFO - C:\Users\Andrew\Desktop\ТМП\Лаб5\pacman.py:144 - player lost
2025-12-14 17:56:47,496 - INFO - C:\Users\Andrew\Desktop\ТМП\Лаб5\pacman.py:144 - player lost
2025-12-14 17:56:47,505 - INFO - C:\Users\Andrew\Desktop\ТМП\Лаб5\pacman.py:144 - player lost
2025-12-14 17:56:47,514 - INFO - C:\Users\Andrew\Desktop\ТМП\Лаб5\pacman.py:144 - player lost
2025-12-14 17:56:47,523 - INFO - C:\Users\Andrew\Desktop\ТМП\Лаб5\pacman.py:144 - player lost
2025-12-14 17:56:47,531 - INFO - C:\Users\Andrew\Desktop\ТМП\Лаб5\pacman.py:144 - player lost
2025-12-14 17:56:47,539 - INFO - C:\Users\Andrew\Desktop\ТМП\Лаб5\pacman.py:144 - player lost
2025-12-14 17:56:47,547 - INFO - C:\Users\Andrew\Desktop\ТМП\Лаб5\pacman.py:144 - player lost
2025-12-14 17:56:47,556 - INFO - C:\Users\Andrew\Desktop\ТМП\Лаб5\pacman.py:144 - player lost
2025-12-14 17:56:47,565 - INFO - C:\Users\Andrew\Desktop\ТМП\Лаб5\pacman.py:144 - player lost
2025-12-14 17:56:47,573 - INFO - C:\Users\Andrew\Desktop\ТМП\Лаб5\pacman.py:144 - player lost
2025-12-14 17:56:47,582 - INFO - C:\Users\Andrew\Desktop\ТМП\Лаб5\pacman.py:144 - player lost
2025-12-14 17:56:47,591 - INFO - C:\Users\Andrew\Desktop\ТМП\Лаб5\pacman.py:144 - player lost
2025-12-14 17:56:47,600 - INFO - C:\Users\Andrew\Desktop\ТМП\Лаб5\pacman.py:144 - player lost
2025-12-14 17:56:47,608 - INFO - C:\Users\Andrew\Desktop\ТМП\Лаб5\pacman.py:144 - player lost
2025-12-14 17:56:47,616 - INFO - C:\Users\Andrew\Desktop\ТМП\Лаб5\pacman.py:144 - player lost
2025-12-14 17:56:47,625 - INFO - C:\Users\Andrew\Desktop\ТМП\Лаб5\pacman.py:144 - player lost
2025-12-14 17:56:47,634 - INFO - C:\Users\Andrew\Desktop\ТМП\Лаб5\pacman.py:144 - player lost
2025-12-14 17:56:47,642 - INFO - C:\Users\Andrew\Desktop\ТМП\Лаб5\pacman.py:144 - player lost
2025-12-14 17:56:47,651 - INFO - C:\Users\Andrew\Desktop\ТМП\Лаб5\pacman.py:144 - player lost
2025-12-14 17:56:47,660 - INFO - C:\Users\Andrew\Desktop\ТМП\Лаб5\pacman.py:144 - player lost
2025-12-14 17:56:47,669 - INFO - C:\Users\Andrew\Desktop\ТМП\Лаб5\pacman.py:144 - player lost
2025-12-14 17:56:47,678 - INFO - C:\Users\Andrew\Desktop\ТМП\Лаб5\pacman.py:144 - player lost
2025-12-14 17:56:47,686 - INFO - C:\Users\Andrew\Desktop\ТМП\Лаб5\pacman.py:144 - player lost
2025-12-14 17:56:47,695 - INFO - C:\Users\Andrew\Desktop\ТМП\Лаб5\pacman.py:144 - player lost
2025-12-14 17:56:47,703 - INFO - C:\Users\Andrew\Desktop\ТМП\Лаб5\pacman.py:144 - player lost
2025-12-14 17:56:47,711 - INFO - C:\Users\Andrew\Desktop\ТМП\Лаб5\pacman.py:144 - player lost
2025-12-14 17:56:47,719 - INFO - C:\Users\Andrew\Desktop\ТМП\Лаб5\pacman.py:144 - player lost
2025-12-14 17:56:47,728 - INFO - C:\Users\Andrew\Desktop\ТМП\Лаб5\pacman.py:144 - player lost
2025-12-14 17:56:47,736 - INFO - C:\Users\Andrew\Desktop\ТМП\Лаб5\pacman.py:144 - player lost
2025-12-14 17:56:47,744 - INFO - C:\Users\Andrew\Desktop\ТМП\Лаб5\pacman.py:144 - player lost
2025-12-14 17:56:47,752 - INFO - C:\Users\Andrew\Desktop\ТМП\Лаб5\pacman.py:144 - player lost
2025-12-14 17:56:47,760 - INFO - C:\Users\Andrew\Desktop\ТМП\Лаб5\pacman.py:144 - player lost
2025-12-14 17:56:47,769 - INFO - C:\Users\Andrew\Desktop\ТМП\Лаб5\pacman.py:144 - player lost
2025-12-14 17:56:47,778 - INFO - C:\Users\Andrew\Desktop\ТМП\Лаб5\pacman.py:144 - player lost
2025-12-14 17:56:47,787 - INFO - C:\Users\Andrew\Desktop\ТМП\Лаб5\pacman.py:144 - player lost
2025-12-14 17:56:47,796 - INFO - C:\Users\Andrew\Desktop\ТМП\Лаб5\pacman.py:144 - player lost
2025-12-14 17:56:47,805 - INFO - C:\Users\Andrew\Desktop\ТМП\Лаб5\pacman.py:144 - player lost
2025-12-14 17:56:47,814 - INFO - C:\Users\Andrew\Desktop\ТМП\Лаб5\pacman.py:144 - player lost
2025-12-14 17:56:47,822 - INFO - C:\Users\Andrew\Desktop\ТМП\Лаб5\pacman.py:144 - player lost
2025-12-14 17:56:47,830 - INFO - C:\Users\Andrew\Desktop\ТМП\Лаб5\pacman.py:144 - player lost
2025-12-14 17:56:47,838 - INFO - C:\Users\Andrew\Desktop\ТМП\Лаб5\pacman.py:144 - player lost
2025-12-14 17:56:47,846 - INFO - C:\Users\Andrew\Desktop\ТМП\Лаб5\pacman.py:144 - player lost
2025-12-14 17:56:47,854 - INFO - C:\Users\Andrew\Desktop\ТМП\Лаб5\pacman.py:144 - player lost
2025-12-14 17:56:47,862 - INFO - C:\Users\Andrew\Desktop\ТМП\Лаб5\pacman.py:144 - player lost
2025-12-14 17:56:47,870 - INFO - C:\Users\Andrew\Desktop\ТМП\Лаб5\pacman.py:144 - player lost
2025-12-14 17:56:47,878 - INFO - C:\Users\Andrew\Desktop\ТМП\Лаб5\pacman.py:144 - player lost
2025-12-14 17:56:47,886 - INFO - C:\Users\Andrew\Desktop\ТМП\Лаб5\pacman.py:144 - player lost
2025-12-14 17:56:47,894 - INFO - C:\Users\Andrew\Desktop\ТМП\Лаб5\pacman.py:144 - player lost
2025-12-14 17:56:47,902 - INFO - C:\Users\Andrew\Desktop\ТМП\Лаб5\pacman.py:144 - player lost
2025-12-14 17:56:47,910 - INFO - C:\Users\Andrew\Desktop\ТМП\Лаб5\pacman.py:144 - player lost
2025-12-14 17:56:47,918 - INFO - C:\Users\Andrew\Desktop\ТМП\Лаб5\pacman.py:144 - player lost
2025-12-14 17:56:47,927 - INFO - C:\Users\Andrew\Desktop\ТМП\Лаб5\pacman.py:144 - player lost
2025-12-14 17:56:47,935 - INFO - C:\Users\Andrew\Desktop\ТМП\Лаб5\pacman.py:144 - player lost
2025-12-14 17:56:47,943 - INFO - C:\Users\Andrew\Desktop\ТМП\Лаб5\pacman.py:144 - player lost
2025-12-14 17:56:47,951 - INFO - C:\Users\Andrew\Desktop\ТМП\Лаб5\pacman.py:144 - player lost
2025-12-14 17:56:47,959 - INFO - C:\Users\Andrew\Desktop\ТМП\Лаб5\pacman.py:144 - player lost
2025-12-14 17:56:47,967 - INFO - C:\Users\Andrew\Desktop\ТМП\Лаб5\pacman.py:144 - player lost
2025-12-14 17:56:47,976 - INFO - C:\Users\Andrew\Desktop\ТМП\Лаб5\pacman.py:144 - player lost
2025-12-14 17:56:47,983 - INFO - C:\Users\Andrew\Desktop\ТМП\Лаб5\pacman.py:144 - player lost
2025-12-14 17:56:47,992 - INFO - C:\Users\Andrew\Desktop\ТМП\Лаб5\pacman.py:144 - player lost
2025-12-14 17:56:48,001 - INFO - C:\Users\Andrew\Desktop\ТМП\Лаб5\pacman.py:144 - player lost
2025-12-14 17:56:48,010 - INFO - C:\Users\Andrew\Desktop\ТМП\Лаб5\pacman.py:144 - player lost
2025-12-14 17:56:48,019 - INFO - C:\Users\Andrew\Desktop\ТМП\Лаб5\pacman.py:144 - player lost
2025-12-14 17:56:48,027 - INFO - C:\Users\Andrew\Desktop\ТМП\Лаб5\pacman.py:144 - player lost
2025-12-14 17:56:48,035 - INFO - C:\Users\Andrew\Desktop\ТМП\Лаб5\pacman.py:144 - player lost
2025-12-14 17:56:48,043 - INFO - C:\Users\Andrew\Desktop\ТМП\Лаб5\pacman.py:144 - player lost
2025-12-14 17:56:48,051 - INFO - C:\Users\Andrew\Desktop\ТМП\Лаб5\pacman.py:144 - player lost
2025-12-14 17:56:48,059 - INFO - C:\Users\Andrew\Desktop\ТМП\Лаб5\pacman.py:144 - player lost
2025-12-14 17:56:48,067 - INFO - C:\Users\Andrew\Desktop\ТМП\Лаб5\pacman.py:144 - player lost
2025-12-14 17:56:48,075 - INFO - C:\Users\Andrew\Desktop\ТМП\Лаб5\pacman.py:144 - player lost
2025-12-14 17:56:48,084 - INFO - C:\Users\Andrew\Desktop\ТМП\Лаб5\pacman.py:144 - player lost
2025-12-14 17:56:48,093 - INFO - C:\Users\Andrew\Desktop\ТМП\Лаб5\pacman.py:144 - player lost
2025-12-14 17:56:48,102 - INFO - C:\Users\Andrew\Desktop\ТМП\Лаб5\pacman.py:144 - player lost
2025-12-14 17:56:48,111 - INFO - C:\Users\Andrew\Desktop\ТМП\Лаб5\pacman.py:144 - player lost
2025-12-14 17:56:48,120 - INFO - C:\Users\Andrew\Desktop\ТМП\Лаб5\pacman.py:144 - player lost
2025-12-14 17:56:48,129 - INFO - C:\Users\Andrew\Desktop\ТМП\Лаб5\pacman.py:144 - player lost
2025-12-14 17:56:48,138 - INFO - C:\Users\Andrew\Desktop\ТМП\Лаб5\pacman.py:144 - player lost
2025-12-14 17:56:48,147 - INFO - C:\Users\Andrew\Desktop\ТМП\Лаб5\pacman.py:144 - player lost
2025-12-14 17:56:48,156 - INFO - C:\Users\Andrew\Desktop\ТМП\Лаб5\pacman.py:144 - player lost
2025-12-14 17:56:48,164 - INFO - C:\Users\Andrew\Desktop\ТМП\Лаб5\pacman.py:144 - player lost
2025-12-14 17:56:48,172 - INFO - C:\Users\Andrew\Desktop\ТМП\Лаб5\pacman.py:144 - player lost
2025-12-14 17:56:48,180 - INFO - C:\Users\Andrew\Desktop\ТМП\Лаб5\pacman.py:144 - player lost
2025-12-14 17:56:48,189 - INFO - C:\Users\Andrew\Desktop\ТМП\Лаб5\pacman.py:144 - player lost
2025-12-14 17:56:48,198 - INFO - C:\Users\Andrew\Desktop\ТМП\Лаб5\pacman.py:144 - player lost
2025-12-14 17:56:48,206 - INFO - C:\Users\Andrew\Desktop\ТМП\Лаб5\pacman.py:144 - player lost
2025-12-14 17:56:48,214 - INFO - C:\Users\Andrew\Desktop\ТМП\Лаб5\pacman.py:144 - player lost
2025-12-14 17:56:48,222 - INFO - C:\Users\Andrew\Desktop\ТМП\Лаб5\pacman.py:144 - player lost
2025-12-14 17:56:48,230 - INFO - C:\Users\Andrew\Desktop\ТМП\Лаб5\pacman.py:144 - player lost
2025-12-14 17:56:48,238 - INFO - C:\Users\Andrew\Desktop\ТМП\Лаб5\pacman.py:144 - player lost
2025-12-14 17:56:48,246 - INFO - C:\Users\Andrew\Desktop\ТМП\Лаб5\pacman.py:144 - player lost
2025-12-14 17:56:48,255 - INFO - C:\Users\Andrew\Desktop\ТМП\Лаб5\pacman.py:144 - player lost
2025-12-14 17:56:48,263 - INFO - C:\Users\Andrew\Desktop\ТМП\Лаб5\pacman.py:144 - player lost
2025-12-14 17:56:48,271 - INFO - C:\Users\Andrew\Desktop\ТМП\Лаб5\pacman.py:144 - player lost
2025-12-14 17:56:48,279 - INFO - C:\Users\Andrew\Desktop\ТМП\Лаб5\pacman.py:144 - player lost
2025-12-14 17:56:48,287 - INFO - C:\Users\Andrew\Desktop\ТМП\Лаб5\pacman.py:144 - player lost
2025-12-14 17:56:48,295 - INFO - C:\Users\Andrew\Desktop\ТМП\Лаб5\pacman.py:144 - player lost
2025-12-14 17:56:48,303 - INFO - C:\Users\Andrew\Desktop\ТМП\Лаб5\pacman.py:144 - player lost
2025-12-14 17:56:48,311 - INFO - C:\Users\Andrew\Desktop\ТМП\Лаб5\pacman.py:144 - player lost
2025-12-14 17:56:48,319 - INFO - C:\Users\Andrew\Desktop\ТМП\Лаб5\pacman.py:144 - player lost
2025-12-14 17:56:48,327 - INFO - C:\Users\Andrew\Desktop\ТМП\Лаб5\pacman.py:144 - player lost
2025-12-14 17:56:48,335 - INFO - C:\Users\Andrew\Desktop\ТМП\Лаб5\pacman.py:144 - player lost
2025-12-14 17:56:48,342 - INFO - C:\Users\Andrew\Desktop\ТМП\Лаб5\pacman.py:144 - player lost
2025-12-14 17:56:48,351 - INFO - C:\Users\Andrew\Desktop\ТМП\Лаб5\pacman.py:144 - player lost
2025-12-14 17:56:48,360 - INFO - C:\Users\Andrew\Desktop\ТМП\Лаб5\pacman.py:144 - player lost
2025-12-14 17:56:48,369 - INFO - C:\Users\Andrew\Desktop\ТМП\Лаб5\pacman.py:144 - player lost
2025-12-14 17:56:48,378 - INFO - C:\Users\Andrew\Desktop\ТМП\Лаб5\pacman.py:144 - player lost
2025-12-14 17:56:48,386 - INFO - C:\Users\Andrew\Desktop\ТМП\Лаб5\pacman.py:144 - player lost
2025-12-14 17:56:48,506 - INFO - C:\Users\Andrew\Desktop\ТМП\Лаб5\pacman.py:620 - ЗАВЕРШЕНИЕ РАБОТЫ
2025-12-14 17:58:27,536 - INFO - C:\Users\Andrew\Desktop\ТМП\Лаб5\pacman.py:224 - pacman killed
2025-12-14 17:58:31,203 - INFO - C:\Users\Andrew\Desktop\ТМП\Лаб5\pacman.py:224 - pacman killed
2025-12-14 17:58:32,093 - INFO - C:\Users\Andrew\Desktop\ТМП\Лаб5\pacman.py:224 - pacman killed
2025-12-14 17:58:32,096 - INFO - C:\Users\Andrew\Desktop\ТМП\Лаб5\pacman.py:144 - player lost
2025-12-14 17:58:32,100 - INFO - C:\Users\Andrew\Desktop\ТМП\Лаб5\pacman.py:622 - ЗАВЕРШЕНИЕ РАБОТЫ
2025-12-14 18:03:31,630 - INFO - C:\Users\Andrew\Desktop\ТМП\Лаб5\pacman.py:160 - Current phase: 0
2025-12-14 18:03:38,633 - INFO - C:\Users\Andrew\Desktop\ТМП\Лаб5\pacman.py:160 - Current phase: 1
2025-12-14 18:03:49,739 - INFO - C:\Users\Andrew\Desktop\ТМП\Лаб5\pacman.py:225 - pacman killed
2025-12-14 18:03:52,291 - INFO - C:\Users\Andrew\Desktop\ТМП\Лаб5\pacman.py:195 - kokoro activated
2025-12-14 18:03:58,634 - INFO - C:\Users\Andrew\Desktop\ТМП\Лаб5\pacman.py:160 - Current phase: 1
2025-12-14 18:04:18,636 - INFO - C:\Users\Andrew\Desktop\ТМП\Лаб5\pacman.py:160 - Current phase: 1
2025-12-14 18:04:25,642 - INFO - C:\Users\Andrew\Desktop\ТМП\Лаб5\pacman.py:160 - Current phase: 2
2025-12-14 18:04:30,372 - INFO - C:\Users\Andrew\Desktop\ТМП\Лаб5\pacman.py:195 - kokoro activated
2025-12-14 18:04:45,651 - INFO - C:\Users\Andrew\Desktop\ТМП\Лаб5\pacman.py:160 - Current phase: 2
2025-12-14 18:04:46,651 - INFO - C:\Users\Andrew\Desktop\ТМП\Лаб5\pacman.py:195 - kokoro activated
2025-12-14 18:05:05,653 - INFO - C:\Users\Andrew\Desktop\ТМП\Лаб5\pacman.py:160 - Current phase: 2
2025-12-14 18:05:10,974 - INFO - C:\Users\Andrew\Desktop\ТМП\Лаб5\pacman.py:195 - kokoro activated
2025-12-14 18:05:25,659 - INFO - C:\Users\Andrew\Desktop\ТМП\Лаб5\pacman.py:160 - Current phase: 2
2025-12-14 18:05:35,089 - INFO - C:\Users\Andrew\Desktop\ТМП\Лаб5\pacman.py:623 - ЗАВЕРШЕНИЕ РАБОТЫ
2025-12-14 18:06:30,742 - INFO - C:\Users\Andrew\Desktop\ТМП\Лаб5\pacman.py:160 - Current phase: 0
2025-12-14 18:06:30,744 - INFO - C:\Users\Andrew\Desktop\ТМП\Лаб5\pacman.py:205 - score: 10
2025-12-14 18:06:32,843 - INFO - C:\Users\Andrew\Desktop\ТМП\Лаб5\pacman.py:205 - score: 20
2025-12-14 18:06:33,121 - INFO - C:\Users\Andrew\Desktop\ТМП\Лаб5\pacman.py:205 - score: 30
2025-12-14 18:06:33,390 - INFO - C:\Users\Andrew\Desktop\ТМП\Лаб5\pacman.py:205 - score: 40
2025-12-14 18:06:33,659 - INFO - C:\Users\Andrew\Desktop\ТМП\Лаб5\pacman.py:205 - score: 50
2025-12-14 18:06:33,922 - INFO - C:\Users\Andrew\Desktop\ТМП\Лаб5\pacman.py:205 - score: 60
2025-12-14 18:06:34,307 - INFO - C:\Users\Andrew\Desktop\ТМП\Лаб5\pacman.py:205 - score: 70
2025-12-14 18:06:34,574 - INFO - C:\Users\Andrew\Desktop\ТМП\Лаб5\pacman.py:205 - score: 80
2025-12-14 18:06:34,574 - INFO - C:\Users\Andrew\Desktop\ТМП\Лаб5\pacman.py:205 - score: 130
2025-12-14 18:06:34,574 - INFO - C:\Users\Andrew\Desktop\ТМП\Лаб5\pacman.py:195 - kokoro activated
2025-12-14 18:06:34,849 - INFO - C:\Users\Andrew\Desktop\ТМП\Лаб5\pacman.py:205 - score: 140
2025-12-14 18:06:35,125 - INFO - C:\Users\Andrew\Desktop\ТМП\Лаб5\pacman.py:205 - score: 150
2025-12-14 18:06:35,393 - INFO - C:\Users\Andrew\Desktop\ТМП\Лаб5\pacman.py:205 - score: 160
2025-12-14 18:06:35,652 - INFO - C:\Users\Andrew\Desktop\ТМП\Лаб5\pacman.py:205 - score: 170
2025-12-14 18:06:35,920 - INFO - C:\Users\Andrew\Desktop\ТМП\Лаб5\pacman.py:205 - score: 180
2025-12-14 18:06:36,186 - INFO - C:\Users\Andrew\Desktop\ТМП\Лаб5\pacman.py:205 - score: 190
2025-12-14 18:06:36,450 - INFO - C:\Users\Andrew\Desktop\ТМП\Лаб5\pacman.py:205 - score: 200
2025-12-14 18:06:36,721 - INFO - C:\Users\Andrew\Desktop\ТМП\Лаб5\pacman.py:205 - score: 210
2025-12-14 18:06:36,987 - INFO - C:\Users\Andrew\Desktop\ТМП\Лаб5\pacman.py:205 - score: 220
2025-12-14 18:06:37,254 - INFO - C:\Users\Andrew\Desktop\ТМП\Лаб5\pacman.py:205 - score: 230
2025-12-14 18:06:37,520 - INFO - C:\Users\Andrew\Desktop\ТМП\Лаб5\pacman.py:205 - score: 240
2025-12-14 18:06:37,743 - INFO - C:\Users\Andrew\Desktop\ТМП\Лаб5\pacman.py:160 - Current phase: 1
2025-12-14 18:06:37,797 - INFO - C:\Users\Andrew\Desktop\ТМП\Лаб5\pacman.py:205 - score: 250
2025-12-14 18:06:38,062 - INFO - C:\Users\Andrew\Desktop\ТМП\Лаб5\pacman.py:205 - score: 260
2025-12-14 18:06:38,324 - INFO - C:\Users\Andrew\Desktop\ТМП\Лаб5\pacman.py:205 - score: 270
2025-12-14 18:06:38,588 - INFO - C:\Users\Andrew\Desktop\ТМП\Лаб5\pacman.py:205 - score: 280
2025-12-14 18:06:38,852 - INFO - C:\Users\Andrew\Desktop\ТМП\Лаб5\pacman.py:205 - score: 290
2025-12-14 18:06:39,117 - INFO - C:\Users\Andrew\Desktop\ТМП\Лаб5\pacman.py:205 - score: 300
2025-12-14 18:06:39,500 - INFO - C:\Users\Andrew\Desktop\ТМП\Лаб5\pacman.py:205 - score: 310
2025-12-14 18:06:39,771 - INFO - C:\Users\Andrew\Desktop\ТМП\Лаб5\pacman.py:205 - score: 320
2025-12-14 18:06:39,906 - INFO - C:\Users\Andrew\Desktop\ТМП\Лаб5\pacman.py:205 - score: 720
2025-12-14 18:06:40,042 - INFO - C:\Users\Andrew\Desktop\ТМП\Лаб5\pacman.py:205 - score: 730
2025-12-14 18:06:40,449 - INFO - C:\Users\Andrew\Desktop\ТМП\Лаб5\pacman.py:205 - score: 740
2025-12-14 18:06:40,711 - INFO - C:\Users\Andrew\Desktop\ТМП\Лаб5\pacman.py:205 - score: 750
2025-12-14 18:06:40,977 - INFO - C:\Users\Andrew\Desktop\ТМП\Лаб5\pacman.py:205 - score: 760
2025-12-14 18:06:41,246 - INFO - C:\Users\Andrew\Desktop\ТМП\Лаб5\pacman.py:205 - score: 770
2025-12-14 18:06:41,512 - INFO - C:\Users\Andrew\Desktop\ТМП\Лаб5\pacman.py:205 - score: 780
2025-12-14 18:06:41,776 - INFO - C:\Users\Andrew\Desktop\ТМП\Лаб5\pacman.py:205 - score: 790
2025-12-14 18:06:42,041 - INFO - C:\Users\Andrew\Desktop\ТМП\Лаб5\pacman.py:205 - score: 800
2025-12-14 18:06:42,314 - INFO - C:\Users\Andrew\Desktop\ТМП\Лаб5\pacman.py:205 - score: 810
2025-12-14 18:06:42,698 - INFO - C:\Users\Andrew\Desktop\ТМП\Лаб5\pacman.py:205 - score: 820
2025-12-14 18:06:42,996 - INFO - C:\Users\Andrew\Desktop\ТМП\Лаб5\pacman.py:205 - score: 830
2025-12-14 18:06:43,262 - INFO - C:\Users\Andrew\Desktop\ТМП\Лаб5\pacman.py:205 - score: 840
2025-12-14 18:06:43,532 - INFO - C:\Users\Andrew\Desktop\ТМП\Лаб5\pacman.py:205 - score: 850
2025-12-14 18:06:43,798 - INFO - C:\Users\Andrew\Desktop\ТМП\Лаб5\pacman.py:205 - score: 860
2025-12-14 18:06:44,068 - INFO - C:\Users\Andrew\Desktop\ТМП\Лаб5\pacman.py:205 - score: 870
2025-12-14 18:06:44,157 - INFO - C:\Users\Andrew\Desktop\ТМП\Лаб5\pacman.py:205 - score: 1270
2025-12-14 18:06:44,326 - INFO - C:\Users\Andrew\Desktop\ТМП\Лаб5\pacman.py:205 - score: 1280
2025-12-14 18:06:44,593 - INFO - C:\Users\Andrew\Desktop\ТМП\Лаб5\pacman.py:205 - score: 1290
2025-12-14 18:06:44,860 - INFO - C:\Users\Andrew\Desktop\ТМП\Лаб5\pacman.py:205 - score: 1300
2025-12-14 18:06:45,130 - INFO - C:\Users\Andrew\Desktop\ТМП\Лаб5\pacman.py:205 - score: 1310
2025-12-14 18:06:46,687 - INFO - C:\Users\Andrew\Desktop\ТМП\Лаб5\pacman.py:624 - ЗАВЕРШЕНИЕ РАБОТЫ
2025-12-14 18:10:00,104 - INFO - C:\Users\Andrew\Desktop\ТМП\Лаб5\pacman.py:160 - Current phase: 0
2025-12-14 18:10:00,107 - INFO - C:\Users\Andrew\Desktop\ТМП\Лаб5\pacman.py:205 - score: 10
2025-12-14 18:10:02,100 - INFO - C:\Users\Andrew\Desktop\ТМП\Лаб5\pacman.py:205 - score: 20
2025-12-14 18:10:02,373 - INFO - C:\Users\Andrew\Desktop\ТМП\Лаб5\pacman.py:205 - score: 30
2025-12-14 18:10:02,649 - INFO - C:\Users\Andrew\Desktop\ТМП\Лаб5\pacman.py:205 - score: 40
2025-12-14 18:10:02,915 - INFO - C:\Users\Andrew\Desktop\ТМП\Лаб5\pacman.py:205 - score: 50
2025-12-14 18:10:03,343 - INFO - C:\Users\Andrew\Desktop\ТМП\Лаб5\pacman.py:205 - score: 60
2025-12-14 18:10:03,611 - INFO - C:\Users\Andrew\Desktop\ТМП\Лаб5\pacman.py:205 - score: 70
2025-12-14 18:10:03,887 - INFO - C:\Users\Andrew\Desktop\ТМП\Лаб5\pacman.py:205 - score: 80
2025-12-14 18:10:03,887 - INFO - C:\Users\Andrew\Desktop\ТМП\Лаб5\pacman.py:205 - score: 130
2025-12-14 18:10:03,887 - INFO - C:\Users\Andrew\Desktop\ТМП\Лаб5\pacman.py:195 - kokoro activated
2025-12-14 18:10:04,083 - INFO - C:\Users\Andrew\Desktop\ТМП\Лаб5\pacman.py:205 - score: 530
2025-12-14 18:10:04,163 - INFO - C:\Users\Andrew\Desktop\ТМП\Лаб5\pacman.py:205 - score: 540
2025-12-14 18:10:04,437 - INFO - C:\Users\Andrew\Desktop\ТМП\Лаб5\pacman.py:205 - score: 550
2025-12-14 18:10:04,844 - INFO - C:\Users\Andrew\Desktop\ТМП\Лаб5\pacman.py:205 - score: 560
2025-12-14 18:10:05,120 - INFO - C:\Users\Andrew\Desktop\ТМП\Лаб5\pacman.py:205 - score: 570
2025-12-14 18:10:05,487 - INFO - C:\Users\Andrew\Desktop\ТМП\Лаб5\pacman.py:205 - score: 580
2025-12-14 18:10:07,112 - INFO - C:\Users\Andrew\Desktop\ТМП\Лаб5\pacman.py:160 - Current phase: 1
2025-12-14 18:10:07,183 - INFO - C:\Users\Andrew\Desktop\ТМП\Лаб5\pacman.py:205 - score: 590
2025-12-14 18:10:07,452 - INFO - C:\Users\Andrew\Desktop\ТМП\Лаб5\pacman.py:205 - score: 600
2025-12-14 18:10:07,500 - INFO - C:\Users\Andrew\Desktop\ТМП\Лаб5\pacman.py:205 - score: 1000
2025-12-14 18:10:07,722 - INFO - C:\Users\Andrew\Desktop\ТМП\Лаб5\pacman.py:205 - score: 1010
2025-12-14 18:10:07,987 - INFO - C:\Users\Andrew\Desktop\ТМП\Лаб5\pacman.py:205 - score: 1020
2025-12-14 18:10:08,256 - INFO - C:\Users\Andrew\Desktop\ТМП\Лаб5\pacman.py:205 - score: 1030
2025-12-14 18:10:08,529 - INFO - C:\Users\Andrew\Desktop\ТМП\Лаб5\pacman.py:205 - score: 1040
2025-12-14 18:10:08,803 - INFO - C:\Users\Andrew\Desktop\ТМП\Лаб5\pacman.py:205 - score: 1050
2025-12-14 18:10:09,077 - INFO - C:\Users\Andrew\Desktop\ТМП\Лаб5\pacman.py:205 - score: 1060
2025-12-14 18:10:09,345 - INFO - C:\Users\Andrew\Desktop\ТМП\Лаб5\pacman.py:205 - score: 1070
2025-12-14 18:10:09,614 - INFO - C:\Users\Andrew\Desktop\ТМП\Лаб5\pacman.py:205 - score: 1080
2025-12-14 18:10:09,882 - INFO - C:\Users\Andrew\Desktop\ТМП\Лаб5\pacman.py:205 - score: 1090
2025-12-14 18:10:10,157 - INFO - C:\Users\Andrew\Desktop\ТМП\Лаб5\pacman.py:205 - score: 1100
2025-12-14 18:10:10,436 - INFO - C:\Users\Andrew\Desktop\ТМП\Лаб5\pacman.py:205 - score: 1110
2025-12-14 18:10:11,617 - INFO - C:\Users\Andrew\Desktop\ТМП\Лаб5\pacman.py:205 - score: 1120
2025-12-14 18:10:11,891 - INFO - C:\Users\Andrew\Desktop\ТМП\Лаб5\pacman.py:205 - score: 1130
2025-12-14 18:10:12,275 - INFO - C:\Users\Andrew\Desktop\ТМП\Лаб5\pacman.py:205 - score: 1140
2025-12-14 18:10:12,508 - INFO - C:\Users\Andrew\Desktop\ТМП\Лаб5\pacman.py:205 - score: 1150
2025-12-14 18:10:12,780 - INFO - C:\Users\Andrew\Desktop\ТМП\Лаб5\pacman.py:205 - score: 1160
2025-12-14 18:10:13,048 - INFO - C:\Users\Andrew\Desktop\ТМП\Лаб5\pacman.py:205 - score: 1170
2025-12-14 18:10:13,313 - INFO - C:\Users\Andrew\Desktop\ТМП\Лаб5\pacman.py:205 - score: 1180
2025-12-14 18:10:13,584 - INFO - C:\Users\Andrew\Desktop\ТМП\Лаб5\pacman.py:205 - score: 1190
2025-12-14 18:10:13,853 - INFO - C:\Users\Andrew\Desktop\ТМП\Лаб5\pacman.py:205 - score: 1200
2025-12-14 18:10:14,123 - INFO - C:\Users\Andrew\Desktop\ТМП\Лаб5\pacman.py:205 - score: 1210
2025-12-14 18:10:14,398 - INFO - C:\Users\Andrew\Desktop\ТМП\Лаб5\pacman.py:205 - score: 1220
2025-12-14 18:10:14,519 - INFO - C:\Users\Andrew\Desktop\ТМП\Лаб5\pacman.py:205 - score: 1620
2025-12-14 18:10:14,670 - INFO - C:\Users\Andrew\Desktop\ТМП\Лаб5\pacman.py:205 - score: 1630
2025-12-14 18:10:15,023 - INFO - C:\Users\Andrew\Desktop\ТМП\Лаб5\pacman.py:205 - score: 1640
2025-12-14 18:10:15,292 - INFO - C:\Users\Andrew\Desktop\ТМП\Лаб5\pacman.py:205 - score: 1650
2025-12-14 18:10:15,563 - INFO - C:\Users\Andrew\Desktop\ТМП\Лаб5\pacman.py:205 - score: 1660
2025-12-14 18:10:15,833 - INFO - C:\Users\Andrew\Desktop\ТМП\Лаб5\pacman.py:205 - score: 1670
2025-12-14 18:10:16,198 - INFO - C:\Users\Andrew\Desktop\ТМП\Лаб5\pacman.py:205 - score: 1680
2025-12-14 18:10:16,846 - INFO - C:\Users\Andrew\Desktop\ТМП\Лаб5\pacman.py:205 - score: 1690
2025-12-14 18:10:16,846 - INFO - C:\Users\Andrew\Desktop\ТМП\Лаб5\pacman.py:205 - score: 1700
2025-12-14 18:10:17,447 - INFO - C:\Users\Andrew\Desktop\ТМП\Лаб5\pacman.py:205 - score: 1710
2025-12-14 18:10:17,718 - INFO - C:\Users\Andrew\Desktop\ТМП\Лаб5\pacman.py:205 - score: 1720
2025-12-14 18:10:17,991 - INFO - C:\Users\Andrew\Desktop\ТМП\Лаб5\pacman.py:205 - score: 1730
2025-12-14 18:10:18,264 - INFO - C:\Users\Andrew\Desktop\ТМП\Лаб5\pacman.py:205 - score: 1740
2025-12-14 18:10:18,664 - INFO - C:\Users\Andrew\Desktop\ТМП\Лаб5\pacman.py:205 - score: 1750
2025-12-14 18:10:18,892 - INFO - C:\Users\Andrew\Desktop\ТМП\Лаб5\pacman.py:269 - kokoro deactivated
2025-12-14 18:10:18,936 - INFO - C:\Users\Andrew\Desktop\ТМП\Лаб5\pacman.py:205 - score: 1760
2025-12-14 18:10:19,207 - INFO - C:\Users\Andrew\Desktop\ТМП\Лаб5\pacman.py:205 - score: 1770
2025-12-14 18:10:19,481 - INFO - C:\Users\Andrew\Desktop\ТМП\Лаб5\pacman.py:205 - score: 1780
2025-12-14 18:10:19,753 - INFO - C:\Users\Andrew\Desktop\ТМП\Лаб5\pacman.py:205 - score: 1790
2025-12-14 18:10:20,031 - INFO - C:\Users\Andrew\Desktop\ТМП\Лаб5\pacman.py:205 - score: 1800
2025-12-14 18:10:22,707 - INFO - C:\Users\Andrew\Desktop\ТМП\Лаб5\pacman.py:205 - score: 1810
2025-12-14 18:10:22,984 - INFO - C:\Users\Andrew\Desktop\ТМП\Лаб5\pacman.py:205 - score: 1820
2025-12-14 18:10:23,257 - INFO - C:\Users\Andrew\Desktop\ТМП\Лаб5\pacman.py:205 - score: 1830
2025-12-14 18:10:23,677 - INFO - C:\Users\Andrew\Desktop\ТМП\Лаб5\pacman.py:205 - score: 1840
2025-12-14 18:10:23,946 - INFO - C:\Users\Andrew\Desktop\ТМП\Лаб5\pacman.py:205 - score: 1850
2025-12-14 18:10:24,217 - INFO - C:\Users\Andrew\Desktop\ТМП\Лаб5\pacman.py:205 - score: 1860
2025-12-14 18:10:24,558 - INFO - C:\Users\Andrew\Desktop\ТМП\Лаб5\pacman.py:205 - score: 1870
2025-12-14 18:10:24,826 - INFO - C:\Users\Andrew\Desktop\ТМП\Лаб5\pacman.py:205 - score: 1880
2025-12-14 18:10:25,094 - INFO - C:\Users\Andrew\Desktop\ТМП\Лаб5\pacman.py:205 - score: 1890
2025-12-14 18:10:25,510 - INFO - C:\Users\Andrew\Desktop\ТМП\Лаб5\pacman.py:205 - score: 1900
2025-12-14 18:10:25,780 - INFO - C:\Users\Andrew\Desktop\ТМП\Лаб5\pacman.py:205 - score: 1910
2025-12-14 18:10:26,172 - INFO - C:\Users\Andrew\Desktop\ТМП\Лаб5\pacman.py:205 - score: 1920
2025-12-14 18:10:26,412 - INFO - C:\Users\Andrew\Desktop\ТМП\Лаб5\pacman.py:205 - score: 1930
2025-12-14 18:10:26,647 - INFO - C:\Users\Andrew\Desktop\ТМП\Лаб5\pacman.py:205 - score: 1980
2025-12-14 18:10:26,648 - INFO - C:\Users\Andrew\Desktop\ТМП\Лаб5\pacman.py:195 - kokoro activated
2025-12-14 18:10:26,681 - INFO - C:\Users\Andrew\Desktop\ТМП\Лаб5\pacman.py:205 - score: 1990
2025-12-14 18:10:26,999 - INFO - C:\Users\Andrew\Desktop\ТМП\Лаб5\pacman.py:205 - score: 2390
2025-12-14 18:10:27,114 - INFO - C:\Users\Andrew\Desktop\ТМП\Лаб5\pacman.py:160 - Current phase: 1
2025-12-14 18:10:27,300 - INFO - C:\Users\Andrew\Desktop\ТМП\Лаб5\pacman.py:205 - score: 2400
2025-12-14 18:10:27,577 - INFO - C:\Users\Andrew\Desktop\ТМП\Лаб5\pacman.py:205 - score: 2410
2025-12-14 18:10:27,848 - INFO - C:\Users\Andrew\Desktop\ТМП\Лаб5\pacman.py:205 - score: 2420
2025-12-14 18:10:28,115 - INFO - C:\Users\Andrew\Desktop\ТМП\Лаб5\pacman.py:205 - score: 2430
2025-12-14 18:10:28,383 - INFO - C:\Users\Andrew\Desktop\ТМП\Лаб5\pacman.py:205 - score: 2440
2025-12-14 18:10:28,654 - INFO - C:\Users\Andrew\Desktop\ТМП\Лаб5\pacman.py:205 - score: 2450
2025-12-14 18:10:28,924 - INFO - C:\Users\Andrew\Desktop\ТМП\Лаб5\pacman.py:205 - score: 2460
2025-12-14 18:10:29,193 - INFO - C:\Users\Andrew\Desktop\ТМП\Лаб5\pacman.py:205 - score: 2470
2025-12-14 18:10:29,464 - INFO - C:\Users\Andrew\Desktop\ТМП\Лаб5\pacman.py:205 - score: 2480
2025-12-14 18:10:29,735 - INFO - C:\Users\Andrew\Desktop\ТМП\Лаб5\pacman.py:205 - score: 2490
2025-12-14 18:10:30,006 - INFO - C:\Users\Andrew\Desktop\ТМП\Лаб5\pacman.py:205 - score: 2500
2025-12-14 18:10:30,280 - INFO - C:\Users\Andrew\Desktop\ТМП\Лаб5\pacman.py:205 - score: 2510
2025-12-14 18:10:30,555 - INFO - C:\Users\Andrew\Desktop\ТМП\Лаб5\pacman.py:205 - score: 2520
2025-12-14 18:10:30,826 - INFO - C:\Users\Andrew\Desktop\ТМП\Лаб5\pacman.py:205 - score: 2530
2025-12-14 18:10:31,102 - INFO - C:\Users\Andrew\Desktop\ТМП\Лаб5\pacman.py:205 - score: 2540
2025-12-14 18:10:31,483 - INFO - C:\Users\Andrew\Desktop\ТМП\Лаб5\pacman.py:205 - score: 2550
2025-12-14 18:10:31,763 - INFO - C:\Users\Andrew\Desktop\ТМП\Лаб5\pacman.py:205 - score: 2560
2025-12-14 18:10:32,034 - INFO - C:\Users\Andrew\Desktop\ТМП\Лаб5\pacman.py:205 - score: 2570
2025-12-14 18:10:32,310 - INFO - C:\Users\Andrew\Desktop\ТМП\Лаб5\pacman.py:205 - score: 2580
2025-12-14 18:10:32,582 - INFO - C:\Users\Andrew\Desktop\ТМП\Лаб5\pacman.py:205 - score: 2590
2025-12-14 18:10:32,986 - INFO - C:\Users\Andrew\Desktop\ТМП\Лаб5\pacman.py:205 - score: 2600
2025-12-14 18:10:33,296 - INFO - C:\Users\Andrew\Desktop\ТМП\Лаб5\pacman.py:205 - score: 2610
2025-12-14 18:10:33,567 - INFO - C:\Users\Andrew\Desktop\ТМП\Лаб5\pacman.py:205 - score: 2620
2025-12-14 18:10:33,836 - INFO - C:\Users\Andrew\Desktop\ТМП\Лаб5\pacman.py:205 - score: 2630
2025-12-14 18:10:34,249 - INFO - C:\Users\Andrew\Desktop\ТМП\Лаб5\pacman.py:205 - score: 2640
2025-12-14 18:10:34,518 - INFO - C:\Users\Andrew\Desktop\ТМП\Лаб5\pacman.py:205 - score: 2650
2025-12-14 18:10:34,780 - INFO - C:\Users\Andrew\Desktop\ТМП\Лаб5\pacman.py:205 - score: 2660
2025-12-14 18:10:35,164 - INFO - C:\Users\Andrew\Desktop\ТМП\Лаб5\pacman.py:205 - score: 2670
2025-12-14 18:10:35,438 - INFO - C:\Users\Andrew\Desktop\ТМП\Лаб5\pacman.py:205 - score: 2680
2025-12-14 18:10:35,714 - INFO - C:\Users\Andrew\Desktop\ТМП\Лаб5\pacman.py:205 - score: 2690
2025-12-14 18:10:36,097 - INFO - C:\Users\Andrew\Desktop\ТМП\Лаб5\pacman.py:205 - score: 2700
2025-12-14 18:10:36,369 - INFO - C:\Users\Andrew\Desktop\ТМП\Лаб5\pacman.py:205 - score: 2710
2025-12-14 18:10:36,645 - INFO - C:\Users\Andrew\Desktop\ТМП\Лаб5\pacman.py:205 - score: 2720
2025-12-14 18:10:37,039 - INFO - C:\Users\Andrew\Desktop\ТМП\Лаб5\pacman.py:205 - score: 2730
2025-12-14 18:10:37,313 - INFO - C:\Users\Andrew\Desktop\ТМП\Лаб5\pacman.py:205 - score: 2740
2025-12-14 18:10:37,582 - INFO - C:\Users\Andrew\Desktop\ТМП\Лаб5\pacman.py:205 - score: 2750
2025-12-14 18:10:37,858 - INFO - C:\Users\Andrew\Desktop\ТМП\Лаб5\pacman.py:205 - score: 2760
2025-12-14 18:10:38,135 - INFO - C:\Users\Andrew\Desktop\ТМП\Лаб5\pacman.py:205 - score: 2770
2025-12-14 18:10:38,511 - INFO - C:\Users\Andrew\Desktop\ТМП\Лаб5\pacman.py:205 - score: 2780
2025-12-14 18:10:38,782 - INFO - C:\Users\Andrew\Desktop\ТМП\Лаб5\pacman.py:205 - score: 2790
2025-12-14 18:10:39,061 - INFO - C:\Users\Andrew\Desktop\ТМП\Лаб5\pacman.py:205 - score: 2800
2025-12-14 18:10:39,341 - INFO - C:\Users\Andrew\Desktop\ТМП\Лаб5\pacman.py:205 - score: 2810
2025-12-14 18:10:39,611 - INFO - C:\Users\Andrew\Desktop\ТМП\Лаб5\pacman.py:205 - score: 2820
2025-12-14 18:10:39,883 - INFO - C:\Users\Andrew\Desktop\ТМП\Лаб5\pacman.py:205 - score: 2830
2025-12-14 18:10:40,149 - INFO - C:\Users\Andrew\Desktop\ТМП\Лаб5\pacman.py:205 - score: 2840
2025-12-14 18:10:40,419 - INFO - C:\Users\Andrew\Desktop\ТМП\Лаб5\pacman.py:205 - score: 2850
2025-12-14 18:10:40,687 - INFO - C:\Users\Andrew\Desktop\ТМП\Лаб5\pacman.py:205 - score: 2860
2025-12-14 18:10:41,652 - INFO - C:\Users\Andrew\Desktop\ТМП\Лаб5\pacman.py:269 - kokoro deactivated
2025-12-14 18:10:41,654 - INFO - C:\Users\Andrew\Desktop\ТМП\Лаб5\pacman.py:205 - score: 2910
2025-12-14 18:10:41,654 - INFO - C:\Users\Andrew\Desktop\ТМП\Лаб5\pacman.py:195 - kokoro activated
2025-12-14 18:10:42,981 - INFO - C:\Users\Andrew\Desktop\ТМП\Лаб5\pacman.py:205 - score: 2920
2025-12-14 18:10:43,248 - INFO - C:\Users\Andrew\Desktop\ТМП\Лаб5\pacman.py:205 - score: 2930
2025-12-14 18:10:43,520 - INFO - C:\Users\Andrew\Desktop\ТМП\Лаб5\pacman.py:205 - score: 2940
2025-12-14 18:10:43,792 - INFO - C:\Users\Andrew\Desktop\ТМП\Лаб5\pacman.py:205 - score: 2950
2025-12-14 18:10:44,061 - INFO - C:\Users\Andrew\Desktop\ТМП\Лаб5\pacman.py:205 - score: 2960
2025-12-14 18:10:44,461 - INFO - C:\Users\Andrew\Desktop\ТМП\Лаб5\pacman.py:205 - score: 2970
2025-12-14 18:10:44,733 - INFO - C:\Users\Andrew\Desktop\ТМП\Лаб5\pacman.py:205 - score: 2980
2025-12-14 18:10:45,006 - INFO - C:\Users\Andrew\Desktop\ТМП\Лаб5\pacman.py:205 - score: 2990
2025-12-14 18:10:45,385 - INFO - C:\Users\Andrew\Desktop\ТМП\Лаб5\pacman.py:205 - score: 3000
2025-12-14 18:10:45,659 - INFO - C:\Users\Andrew\Desktop\ТМП\Лаб5\pacman.py:205 - score: 3010
2025-12-14 18:10:45,934 - INFO - C:\Users\Andrew\Desktop\ТМП\Лаб5\pacman.py:205 - score: 3020
2025-12-14 18:10:46,334 - INFO - C:\Users\Andrew\Desktop\ТМП\Лаб5\pacman.py:205 - score: 3030
2025-12-14 18:10:46,612 - INFO - C:\Users\Andrew\Desktop\ТМП\Лаб5\pacman.py:205 - score: 3040
2025-12-14 18:10:47,117 - INFO - C:\Users\Andrew\Desktop\ТМП\Лаб5\pacman.py:160 - Current phase: 1
2025-12-14 18:10:48,004 - INFO - C:\Users\Andrew\Desktop\ТМП\Лаб5\pacman.py:205 - score: 3050
2025-12-14 18:10:48,277 - INFO - C:\Users\Andrew\Desktop\ТМП\Лаб5\pacman.py:205 - score: 3060
2025-12-14 18:10:48,554 - INFO - C:\Users\Andrew\Desktop\ТМП\Лаб5\pacman.py:205 - score: 3070
2025-12-14 18:10:48,824 - INFO - C:\Users\Andrew\Desktop\ТМП\Лаб5\pacman.py:205 - score: 3080
2025-12-14 18:10:49,098 - INFO - C:\Users\Andrew\Desktop\ТМП\Лаб5\pacman.py:205 - score: 3090
2025-12-14 18:10:49,438 - INFO - C:\Users\Andrew\Desktop\ТМП\Лаб5\pacman.py:625 - ЗАВЕРШЕНИЕ РАБОТЫ
